Archive member included to satisfy reference by file (symbol)

C:/Program Files (x86)/Arm GNU Toolchain arm-none-eabi/13.2 Rel1/bin/../lib/gcc/arm-none-eabi/13.2.1/thumb/v7+fp/hard\libgcc.a(_aeabi_ldivmod.o)
                              ./rzt/fsp/src/r_sci_uart/r_sci_uart.o (__aeabi_ldivmod)
C:/Program Files (x86)/Arm GNU Toolchain arm-none-eabi/13.2 Rel1/bin/../lib/gcc/arm-none-eabi/13.2.1/thumb/v7+fp/hard\libgcc.a(_aeabi_uldivmod.o)
                              ./rzt/fsp/src/bsp/mcu/all/bsp_delay.o (__aeabi_uldivmod)
C:/Program Files (x86)/Arm GNU Toolchain arm-none-eabi/13.2 Rel1/bin/../lib/gcc/arm-none-eabi/13.2.1/thumb/v7+fp/hard\libgcc.a(_udivmoddi4.o)
                              C:/Program Files (x86)/Arm GNU Toolchain arm-none-eabi/13.2 Rel1/bin/../lib/gcc/arm-none-eabi/13.2.1/thumb/v7+fp/hard\libgcc.a(_aeabi_ldivmod.o) (__udivmoddi4)
C:/Program Files (x86)/Arm GNU Toolchain arm-none-eabi/13.2 Rel1/bin/../lib/gcc/arm-none-eabi/13.2.1/thumb/v7+fp/hard\libgcc.a(_dvmd_tls.o)
                              C:/Program Files (x86)/Arm GNU Toolchain arm-none-eabi/13.2 Rel1/bin/../lib/gcc/arm-none-eabi/13.2.1/thumb/v7+fp/hard\libgcc.a(_aeabi_ldivmod.o) (__aeabi_ldiv0)
C:/Program Files (x86)/Arm GNU Toolchain arm-none-eabi/13.2 Rel1/bin/../lib/gcc/arm-none-eabi/13.2.1/thumb/v7+fp/hard\libg.a(libc_a-printf.o)
                              ./src/hal_entry.o (printf)
C:/Program Files (x86)/Arm GNU Toolchain arm-none-eabi/13.2 Rel1/bin/../lib/gcc/arm-none-eabi/13.2.1/thumb/v7+fp/hard\libg.a(libc_a-putchar.o)
                              ./src/rzn2_rzt2_backtrace.o (putchar)
C:/Program Files (x86)/Arm GNU Toolchain arm-none-eabi/13.2 Rel1/bin/../lib/gcc/arm-none-eabi/13.2.1/thumb/v7+fp/hard\libg.a(libc_a-puts.o)
                              ./src/hal_entry.o (puts)
C:/Program Files (x86)/Arm GNU Toolchain arm-none-eabi/13.2 Rel1/bin/../lib/gcc/arm-none-eabi/13.2.1/thumb/v7+fp/hard\libg.a(libc_a-impure.o)
                              C:/Program Files (x86)/Arm GNU Toolchain arm-none-eabi/13.2 Rel1/bin/../lib/gcc/arm-none-eabi/13.2.1/thumb/v7+fp/hard\libg.a(libc_a-printf.o) (_impure_ptr)
C:/Program Files (x86)/Arm GNU Toolchain arm-none-eabi/13.2 Rel1/bin/../lib/gcc/arm-none-eabi/13.2.1/thumb/v7+fp/hard\libg.a(libc_a-errno.o)
                              ./src/syscall.o (__errno)
C:/Program Files (x86)/Arm GNU Toolchain arm-none-eabi/13.2 Rel1/bin/../lib/gcc/arm-none-eabi/13.2.1/thumb/v7+fp/hard\libg.a(libc_a-lock.o)
                              C:/Program Files (x86)/Arm GNU Toolchain arm-none-eabi/13.2 Rel1/bin/../lib/gcc/arm-none-eabi/13.2.1/thumb/v7+fp/hard\libg.a(libc_a-puts.o) (__retarget_lock_acquire_recursive)
C:/Program Files (x86)/Arm GNU Toolchain arm-none-eabi/13.2 Rel1/bin/../lib/gcc/arm-none-eabi/13.2.1/thumb/v7+fp/hard\libg.a(libc_a-memcpy.o)
                              ./rzt/fsp/src/r_sci_uart/r_sci_uart.o (memcpy)
C:/Program Files (x86)/Arm GNU Toolchain arm-none-eabi/13.2 Rel1/bin/../lib/gcc/arm-none-eabi/13.2.1/thumb/v7+fp/hard\libg.a(libc_a-strlen-stub.o)
                              C:/Program Files (x86)/Arm GNU Toolchain arm-none-eabi/13.2 Rel1/bin/../lib/gcc/arm-none-eabi/13.2.1/thumb/v7+fp/hard\libg.a(libc_a-puts.o) (strlen)
C:/Program Files (x86)/Arm GNU Toolchain arm-none-eabi/13.2 Rel1/bin/../lib/gcc/arm-none-eabi/13.2.1/thumb/v7+fp/hard\libg.a(libc_a-vfprintf.o)
                              C:/Program Files (x86)/Arm GNU Toolchain arm-none-eabi/13.2 Rel1/bin/../lib/gcc/arm-none-eabi/13.2.1/thumb/v7+fp/hard\libg.a(libc_a-printf.o) (_vfprintf_r)
C:/Program Files (x86)/Arm GNU Toolchain arm-none-eabi/13.2 Rel1/bin/../lib/gcc/arm-none-eabi/13.2.1/thumb/v7+fp/hard\libg.a(libc_a-vfiprintf.o)
                              C:/Program Files (x86)/Arm GNU Toolchain arm-none-eabi/13.2 Rel1/bin/../lib/gcc/arm-none-eabi/13.2.1/thumb/v7+fp/hard\libg.a(libc_a-vfprintf.o) (__sprint_r)
C:/Program Files (x86)/Arm GNU Toolchain arm-none-eabi/13.2 Rel1/bin/../lib/gcc/arm-none-eabi/13.2.1/thumb/v7+fp/hard\libg.a(libc_a-fflush.o)
                              C:/Program Files (x86)/Arm GNU Toolchain arm-none-eabi/13.2 Rel1/bin/../lib/gcc/arm-none-eabi/13.2.1/thumb/v7+fp/hard\libg.a(libc_a-vfprintf.o) (_fflush_r)
C:/Program Files (x86)/Arm GNU Toolchain arm-none-eabi/13.2 Rel1/bin/../lib/gcc/arm-none-eabi/13.2.1/thumb/v7+fp/hard\libg.a(libc_a-findfp.o)
                              C:/Program Files (x86)/Arm GNU Toolchain arm-none-eabi/13.2 Rel1/bin/../lib/gcc/arm-none-eabi/13.2.1/thumb/v7+fp/hard\libg.a(libc_a-fflush.o) (__sglue)
C:/Program Files (x86)/Arm GNU Toolchain arm-none-eabi/13.2 Rel1/bin/../lib/gcc/arm-none-eabi/13.2.1/thumb/v7+fp/hard\libg.a(libc_a-fvwrite.o)
                              C:/Program Files (x86)/Arm GNU Toolchain arm-none-eabi/13.2 Rel1/bin/../lib/gcc/arm-none-eabi/13.2.1/thumb/v7+fp/hard\libg.a(libc_a-puts.o) (__sfvwrite_r)
[...]
Memory Configuration

Name             Origin             Length             Attributes
ATCM             0x00000000         0x00080000
BTCM             0x00100000         0x00010000
SYSTEM_RAM       0x10000000         0x00200000
SYSTEM_RAM_MIRROR 0x30000000         0x00200000
xSPI0_CS0_SPACE_MIRROR 0x40000000         0x04000000
xSPI0_CS1_SPACE_MIRROR 0x44000000         0x04000000
xSPI1_CS0_SPACE_MIRROR 0x48000000         0x04000000
xSPI1_CS1_SPACE_MIRROR 0x4c000000         0x04000000
CS0_SPACE_MIRROR 0x50000000         0x04000000
CS2_SPACE_MIRROR 0x54000000         0x04000000
CS3_SPACE_MIRROR 0x58000000         0x04000000
CS5_SPACE_MIRROR 0x5c000000         0x04000000
xSPI0_CS0_SPACE  0x60000000         0x04000000
xSPI0_CS1_SPACE  0x64000000         0x04000000
xSPI1_CS0_SPACE  0x68000000         0x04000000
xSPI1_CS1_SPACE  0x6c000000         0x04000000
CS0_SPACE        0x70000000         0x04000000
CS2_SPACE        0x74000000         0x04000000
CS3_SPACE        0x78000000         0x04000000
CS5_SPACE        0x7c000000         0x04000000
RAM_TEXT         0x00000000         0x00080000
RAM_DATA         0x00000000         0x00080000
LOADER_TEXT_STACK 0x00100000         0x00010000
LOADER_DATA_STACK 0x00100000         0x00010000
FLASH_CONTENTS   0x60000000         0x60000000
*default*        0x00000000         0xffffffff

Linker script and memory map

START GROUP
LOAD ./src/hal_entry.o
LOAD ./src/rzn2_rzt2_backtrace.o
LOAD ./src/syscall.o
LOAD ./rzt_gen/common_data.o
LOAD ./rzt_gen/hal_data.o
LOAD ./rzt_gen/main.o
LOAD ./rzt_gen/pin_data.o
LOAD ./rzt_gen/vector_data.o
LOAD ./rzt/fsp/src/r_sci_uart/r_sci_uart.o
LOAD ./rzt/fsp/src/r_ioport/r_ioport.o
LOAD ./rzt/fsp/src/r_adc/r_adc.o
LOAD ./rzt/fsp/src/bsp/mcu/rzt2m/bsp_irq_sense.o
LOAD ./rzt/fsp/src/bsp/mcu/rzt2m/bsp_loader_param.o
LOAD ./rzt/fsp/src/bsp/mcu/all/cr/bsp_cache_core.o
LOAD ./rzt/fsp/src/bsp/mcu/all/cr/bsp_delay_core.o
LOAD ./rzt/fsp/src/bsp/mcu/all/cr/bsp_irq_core.o
LOAD ./rzt/fsp/src/bsp/mcu/all/bsp_cache.o
LOAD ./rzt/fsp/src/bsp/mcu/all/bsp_clocks.o
LOAD ./rzt/fsp/src/bsp/mcu/all/bsp_common.o
LOAD ./rzt/fsp/src/bsp/mcu/all/bsp_delay.o
LOAD ./rzt/fsp/src/bsp/mcu/all/bsp_io.o
LOAD ./rzt/fsp/src/bsp/mcu/all/bsp_irq.o
LOAD ./rzt/fsp/src/bsp/mcu/all/bsp_register_protection.o
LOAD ./rzt/fsp/src/bsp/mcu/all/bsp_reset.o
LOAD ./rzt/fsp/src/bsp/mcu/all/bsp_sbrk.o
LOAD ./rzt/fsp/src/bsp/mcu/all/bsp_semaphore.o
LOAD ./rzt/fsp/src/bsp/cmsis/Device/RENESAS/Source/cr/startup_core.o
LOAD ./rzt/fsp/src/bsp/cmsis/Device/RENESAS/Source/cr/system_core.o
LOAD ./rzt/fsp/src/bsp/cmsis/Device/RENESAS/Source/startup.o
LOAD ./rzt/fsp/src/bsp/cmsis/Device/RENESAS/Source/system.o
LOAD ./rzt/board/rzt2m_rsk/board_init.o
LOAD ./rzt/board/rzt2m_rsk/board_leds.o
END GROUP
START GROUP
END GROUP
START GROUP
LOAD C:/Program Files (x86)/Arm GNU Toolchain arm-none-eabi/13.2 Rel1/bin/../lib/gcc/arm-none-eabi/13.2.1/thumb/v7+fp/hard\libgcc.a
LOAD C:/Program Files (x86)/Arm GNU Toolchain arm-none-eabi/13.2 Rel1/bin/../lib/gcc/arm-none-eabi/13.2.1/thumb/v7+fp/hard\libg.a
LOAD C:/Program Files (x86)/Arm GNU Toolchain arm-none-eabi/13.2 Rel1/bin/../lib/gcc/arm-none-eabi/13.2.1/thumb/v7+fp/hard\libc.a
END GROUP
START GROUP
LOAD C:/Program Files (x86)/Arm GNU Toolchain arm-none-eabi/13.2 Rel1/bin/../lib/gcc/arm-none-eabi/13.2.1/thumb/v7+fp/hard\libgcc.a
LOAD C:/Program Files (x86)/Arm GNU Toolchain arm-none-eabi/13.2 Rel1/bin/../lib/gcc/arm-none-eabi/13.2.1/thumb/v7+fp/hard\libc.a
LOAD C:/Program Files (x86)/Arm GNU Toolchain arm-none-eabi/13.2 Rel1/bin/../lib/gcc/arm-none-eabi/13.2.1/thumb/v7+fp/hard\libnosys.a
END GROUP
                0x00000000                        ATCM_START = 0x0
                0x00080000                        ATCM_LENGTH = 0x80000
                0x00100000                        BTCM_START = 0x100000
                0x00010000                        BTCM_LENGTH = 0x10000
                0x10000000                        SYSTEM_RAM_START = 0x10000000
                0x00200000                        SYSTEM_RAM_LENGTH = 0x200000
                0x30000000                        SYSTEM_RAM_MIRROR_START = 0x30000000
                0x00200000                        SYSTEM_RAM_MIRROR_LENGTH = 0x200000
                0x40000000                        xSPI0_CS0_SPACE_MIRROR_START = 0x40000000
                0x04000000                        xSPI0_CS0_SPACE_MIRROR_LENGTH = 0x4000000
                0x44000000                        xSPI0_CS1_SPACE_MIRROR_START = 0x44000000
                0x04000000                        xSPI0_CS1_SPACE_MIRROR_LENGTH = 0x4000000
                0x48000000                        xSPI1_CS0_SPACE_MIRROR_START = 0x48000000
                0x04000000                        xSPI1_CS0_SPACE_MIRROR_LENGTH = 0x4000000
                0x4c000000                        xSPI1_CS1_SPACE_MIRROR_START = 0x4c000000
                0x04000000                        xSPI1_CS1_SPACE_MIRROR_LENGTH = 0x4000000
                0x50000000                        CS0_SPACE_MIRROR_START = 0x50000000
                0x04000000                        CS0_SPACE_MIRROR_LENGTH = 0x4000000
                0x54000000                        CS2_SPACE_MIRROR_START = 0x54000000
                0x04000000                        CS2_SPACE_MIRROR_LENGTH = 0x4000000
                0x58000000                        CS3_SPACE_MIRROR_START = 0x58000000
                0x04000000                        CS3_SPACE_MIRROR_LENGTH = 0x4000000
                0x5c000000                        CS5_SPACE_MIRROR_START = 0x5c000000
                0x04000000                        CS5_SPACE_MIRROR_LENGTH = 0x4000000
                0x60000000                        xSPI0_CS0_SPACE_START = 0x60000000
                0x04000000                        xSPI0_CS0_SPACE_LENGTH = 0x4000000
                0x64000000                        xSPI0_CS1_SPACE_START = 0x64000000
                0x04000000                        xSPI0_CS1_SPACE_LENGTH = 0x4000000
                0x68000000                        xSPI1_CS0_SPACE_START = 0x68000000
                0x04000000                        xSPI1_CS0_SPACE_LENGTH = 0x4000000
                0x6c000000                        xSPI1_CS1_SPACE_START = 0x6c000000
                0x04000000                        xSPI1_CS1_SPACE_LENGTH = 0x4000000
                0x70000000                        CS0_SPACE_START = 0x70000000
                0x04000000                        CS0_SPACE_LENGTH = 0x4000000
                0x74000000                        CS2_SPACE_START = 0x74000000
                0x04000000                        CS2_SPACE_LENGTH = 0x4000000
                0x78000000                        CS3_SPACE_START = 0x78000000
                0x04000000                        CS3_SPACE_LENGTH = 0x4000000
                0x7c000000                        CS5_SPACE_START = 0x7c000000
                0x04000000                        CS5_SPACE_LENGTH = 0x4000000
                0x00000001                        CR52_0 = 0x1
                0x00000000                        ATCM_PRV_START = DEFINED (ATCM_START)?ATCM_START:0x0
                0x00080000                        ATCM_PRV_LENGTH = DEFINED (ATCM_LENGTH)?ATCM_LENGTH:0x0
                0x00100000                        BTCM_PRV_START = DEFINED (BTCM_START)?BTCM_START:0x0
                0x00010000                        BTCM_PRV_LENGTH = DEFINED (BTCM_LENGTH)?BTCM_LENGTH:0x0
                0x10000000                        SYSTEM_RAM_PRV_START = DEFINED (SYSTEM_RAM_START)?SYSTEM_RAM_START:0x0
                0x00200000                        SYSTEM_RAM_PRV_LENGTH = DEFINED (SYSTEM_RAM_LENGTH)?SYSTEM_RAM_LENGTH:0x0
                0x30000000                        SYSTEM_RAM_MIRROR_PRV_START = DEFINED (SYSTEM_RAM_MIRROR_START)?SYSTEM_RAM_MIRROR_START:0x0
                0x00200000                        SYSTEM_RAM_MIRROR_PRV_LENGTH = DEFINED (SYSTEM_RAM_MIRROR_LENGTH)?SYSTEM_RAM_MIRROR_LENGTH:0x0
                0x40000000                        xSPI0_CS0_SPACE_MIRROR_PRV_START = DEFINED (xSPI0_CS0_SPACE_MIRROR_START)?xSPI0_CS0_SPACE_MIRROR_START:0x0
                0x04000000                        xSPI0_CS0_SPACE_MIRROR_PRV_LENGTH = DEFINED (xSPI0_CS0_SPACE_MIRROR_LENGTH)?xSPI0_CS0_SPACE_MIRROR_LENGTH:0x0
                0x44000000                        xSPI0_CS1_SPACE_MIRROR_PRV_START = DEFINED (xSPI0_CS1_SPACE_MIRROR_START)?xSPI0_CS1_SPACE_MIRROR_START:0x0
                0x04000000                        xSPI0_CS1_SPACE_MIRROR_PRV_LENGTH = DEFINED (xSPI0_CS1_SPACE_MIRROR_LENGTH)?xSPI0_CS1_SPACE_MIRROR_LENGTH:0x0
                0x48000000                        xSPI1_CS0_SPACE_MIRROR_PRV_START = DEFINED (xSPI1_CS0_SPACE_MIRROR_START)?xSPI1_CS0_SPACE_MIRROR_START:0x0
                0x04000000                        xSPI1_CS0_SPACE_MIRROR_PRV_LENGTH = DEFINED (xSPI1_CS0_SPACE_MIRROR_LENGTH)?xSPI1_CS0_SPACE_MIRROR_LENGTH:0x0
                0x4c000000                        xSPI1_CS1_SPACE_MIRROR_PRV_START = DEFINED (xSPI1_CS1_SPACE_MIRROR_START)?xSPI1_CS1_SPACE_MIRROR_START:0x0
                0x04000000                        xSPI1_CS1_SPACE_MIRROR_PRV_LENGTH = DEFINED (xSPI1_CS1_SPACE_MIRROR_LENGTH)?xSPI1_CS1_SPACE_MIRROR_LENGTH:0x0
                0x50000000                        CS0_SPACE_MIRROR_PRV_START = DEFINED (CS0_SPACE_MIRROR_START)?CS0_SPACE_MIRROR_START:0x0
                0x04000000                        CS0_SPACE_MIRROR_PRV_LENGTH = DEFINED (CS0_SPACE_MIRROR_LENGTH)?CS0_SPACE_MIRROR_LENGTH:0x0
                0x54000000                        CS2_SPACE_MIRROR_PRV_START = DEFINED (CS2_SPACE_MIRROR_START)?CS2_SPACE_MIRROR_START:0x0
                0x04000000                        CS2_SPACE_MIRROR_PRV_LENGTH = DEFINED (CS2_SPACE_MIRROR_LENGTH)?CS2_SPACE_MIRROR_LENGTH:0x0
                0x58000000                        CS3_SPACE_MIRROR_PRV_START = DEFINED (CS3_SPACE_MIRROR_START)?CS3_SPACE_MIRROR_START:0x0
                0x04000000                        CS3_SPACE_MIRROR_PRV_LENGTH = DEFINED (CS3_SPACE_MIRROR_LENGTH)?CS3_SPACE_MIRROR_LENGTH:0x0
                0x5c000000                        CS5_SPACE_MIRROR_PRV_START = DEFINED (CS5_SPACE_MIRROR_START)?CS5_SPACE_MIRROR_START:0x0
                0x04000000                        CS5_SPACE_MIRROR_PRV_LENGTH = DEFINED (CS5_SPACE_MIRROR_LENGTH)?CS5_SPACE_MIRROR_LENGTH:0x0
                0x60000000                        xSPI0_CS0_SPACE_PRV_START = DEFINED (xSPI0_CS0_SPACE_START)?xSPI0_CS0_SPACE_START:0x0
                0x04000000                        xSPI0_CS0_SPACE_PRV_LENGTH = DEFINED (xSPI0_CS0_SPACE_LENGTH)?xSPI0_CS0_SPACE_LENGTH:0x0
                0x64000000                        xSPI0_CS1_SPACE_PRV_START = DEFINED (xSPI0_CS1_SPACE_START)?xSPI0_CS1_SPACE_START:0x0
                0x04000000                        xSPI0_CS1_SPACE_PRV_LENGTH = DEFINED (xSPI0_CS1_SPACE_LENGTH)?xSPI0_CS1_SPACE_LENGTH:0x0
                0x68000000                        xSPI1_CS0_SPACE_PRV_START = DEFINED (xSPI1_CS0_SPACE_START)?xSPI1_CS0_SPACE_START:0x0
                0x04000000                        xSPI1_CS0_SPACE_PRV_LENGTH = DEFINED (xSPI1_CS0_SPACE_LENGTH)?xSPI1_CS0_SPACE_LENGTH:0x0
                0x6c000000                        xSPI1_CS1_SPACE_PRV_START = DEFINED (xSPI1_CS1_SPACE_START)?xSPI1_CS1_SPACE_START:0x0
                0x04000000                        xSPI1_CS1_SPACE_PRV_LENGTH = DEFINED (xSPI1_CS1_SPACE_LENGTH)?xSPI1_CS1_SPACE_LENGTH:0x0
                0x70000000                        CS0_SPACE_PRV_START = DEFINED (CS0_SPACE_START)?CS0_SPACE_START:0x0
                0x04000000                        CS0_SPACE_PRV_LENGTH = DEFINED (CS0_SPACE_LENGTH)?CS0_SPACE_LENGTH:0x0
                0x74000000                        CS2_SPACE_PRV_START = DEFINED (CS2_SPACE_START)?CS2_SPACE_START:0x0
                0x04000000                        CS2_SPACE_PRV_LENGTH = DEFINED (CS2_SPACE_LENGTH)?CS2_SPACE_LENGTH:0x0
                0x78000000                        CS3_SPACE_PRV_START = DEFINED (CS3_SPACE_START)?CS3_SPACE_START:0x0
                0x04000000                        CS3_SPACE_PRV_LENGTH = DEFINED (CS3_SPACE_LENGTH)?CS3_SPACE_LENGTH:0x0
                0x7c000000                        CS5_SPACE_PRV_START = DEFINED (CS5_SPACE_START)?CS5_SPACE_START:0x0
                0x04000000                        CS5_SPACE_PRV_LENGTH = DEFINED (CS5_SPACE_LENGTH)?CS5_SPACE_LENGTH:0x0
                0x60000000                        LOADER_PARAM_ADDRESS = DEFINED (CR52_0)?ALIGN (xSPI0_CS0_SPACE_PRV_START, 0x20000):_loader_text_start
                0x6000004c                        FLASH_CONTENTS_ADDRESS = DEFINED (CR52_0)?(LOADER_PARAM_ADDRESS + 0x4c):_loader_text_start
                0x6000c5fc                        NONCACHE_FLASH_CONTENTS_ADDRESS = DEFINED (CR52_0)?flash_contents_end:(_fvector_start + NONCACHE_OFFSET)
                0x00102000                        LOADER_TEXT_ADDRESS = DEFINED (CR52_0)?0x102000:0x10001000
                0x00000000                        INTVEC_ADDRESS = DEFINED (CR52_0)?0x0:0x10000000
                0x00000100                        TEXT_ADDRESS = DEFINED (CR52_0)?0x100:noncache_flash_contents_end
                0x00000000                        RAM_START = DEFINED (CR52_0)?ATCM_PRV_START:SYSTEM_RAM_PRV_START
                0x00080000                        RAM_LENGTH = DEFINED (CR52_0)?ATCM_PRV_LENGTH:SYSTEM_RAM_PRV_LENGTH
                0x00100000                        LOADER_START = DEFINED (CR52_0)?BTCM_PRV_START:SYSTEM_RAM_PRV_START
                0x00010000                        LOADER_LENGTH = DEFINED (CR52_0)?BTCM_PRV_LENGTH:SYSTEM_RAM_PRV_LENGTH
                0x60000000                        ROM_START = DEFINED (CR52_0)?xSPI0_CS0_SPACE_PRV_START:SYSTEM_RAM_PRV_START
                0x60000000                        ROM_LENGTH = DEFINED (CR52_0)?xSPI0_CS0_SPACE_PRV_START:SYSTEM_RAM_PRV_LENGTH
                0x6000004c                        LOADER_TEXT_IMAGE = DEFINED (CR52_0)?_mloader_text:_loader_text_start
                0x60001c4c                        LOADER_DATA_IMAGE = DEFINED (CR52_0)?_mloader_data:_loader_data_start
                0x6000255c                        INTVEC_IMAGE = DEFINED (CR52_0)?_mfvector:_fvector_start
                0x600025a0                        TEXT_IMAGE = DEFINED (CR52_0)?_mtext:_text_start
                0x6000aa64                        DATA_IMAGE = DEFINED (CR52_0)?_mdata:_data_start
                0x60020000                        SECONDARY_IMAGE = ALIGN (noncache_flash_contents_end, 0x20000)
                0x10000000                        SECONDARY_START = SYSTEM_RAM_PRV_START
                0x00000100                        IMAGE_INFO_ADDRESS = (_fvector_start + 0x100)
                0x00010000                        NONCACHE_OFFSET = DEFINED (SYSTEM_RAM_MIRROR_START)?0x10000:0x0
                0x20000000                        SYSTEM_RAM_MIRROR_OFFSET = DEFINED (SYSTEM_RAM_MIRROR_START)?0x20000000:0x0
                0x00068000                        DATA_NONCACHE_OFFSET = DEFINED (SYSTEM_RAM_MIRROR_START)?0x68000:0x0
                0x00064000                        DMAC_LINK_MODE_OFFSET = DEFINED (SYSTEM_RAM_MIRROR_START)?0x64000:0x0
                0x00060000                        SHARED_NONCACHE_BUFFER_OFFSET = DEFINED (SYSTEM_RAM_MIRROR_START)?0x60000:0x0
                0x00020000                        NONCACHE_BUFFER_OFFSET = DEFINED (SYSTEM_RAM_MIRROR_START)?0x20000:0x0
                0x30198000                        DATA_NONCACHE_START = DEFINED (CR52_0)?((SYSTEM_RAM_MIRROR_PRV_START + SYSTEM_RAM_MIRROR_PRV_LENGTH) - DATA_NONCACHE_OFFSET):(_mdata_noncache + SYSTEM_RAM_MIRROR_OFFSET)
                0x3019c000                        DMAC_LINK_MODE_START = DEFINED (CR52_0)?((SYSTEM_RAM_MIRROR_PRV_START + SYSTEM_RAM_MIRROR_PRV_LENGTH) - DMAC_LINK_MODE_OFFSET):(_mdmac_link_mode + SYSTEM_RAM_MIRROR_OFFSET)
                0x301a0000                        SHARED_NONCACHE_BUFFER_START = ((SYSTEM_RAM_MIRROR_PRV_START + SYSTEM_RAM_MIRROR_PRV_LENGTH) - SHARED_NONCACHE_BUFFER_OFFSET)
                0x301e0000                        NONCACHE_BUFFER_START = DEFINED (CR52_0)?((SYSTEM_RAM_MIRROR_PRV_START + SYSTEM_RAM_MIRROR_PRV_LENGTH) - NONCACHE_BUFFER_OFFSET):(_mncbuffer + SYSTEM_RAM_MIRROR_OFFSET)

.loader_param   0x60000000       0x4c
 *(.loader_param)
 .loader_param  0x60000000       0x4c ./rzt/fsp/src/bsp/mcu/rzt2m/bsp_loader_param.o
                0x60000000                g_bsp_loader_param

.flash_contents
                0x6000004c     0xc5b0
                0x6000004c                        _mloader_text = .
                0x60001c4c                        . = DEFINED (CR52_0)?(. + (_loader_text_end - _loader_text_start)):.
 *fill*         0x6000004c     0x1c00 
                0x60001c4c                        _mloader_data = .
                0x6000255c                        . = DEFINED (CR52_0)?(. + (_loader_data_end - _loader_data_start)):.
 *fill*         0x60001c4c      0x910 
                0x6000255c                        _mfvector = .
                0x600025a0                        . = DEFINED (CR52_0)?(. + (_fvector_end - _fvector_start)):.
 *fill*         0x6000255c       0x44 
                0x600025a0                        _mtext = .
                0x6000aa64                        . = DEFINED (CR52_0)?(. + (_text_end - _text_start)):.
 *fill*         0x600025a0     0x84c4 
                0x6000aa64                        _mdata = .
                0x6000c5fc                        . = DEFINED (CR52_0)?(. + (_data_end - _data_start)):.
 *fill*         0x6000aa64     0x1b98 
                0x6000c5fc                        flash_contents_end = .

.noncache_flash_contents
                0x6000c5fc        0x4
                0x6000c5fc                        . = ALIGN (0x4)
                0x6000c5fc                        _mdata_noncache = .
                0x6000c5fc                        . = (. + (_data_noncache_end - _data_noncache_start))
                0x6000c5fc                        . = ALIGN (0x4)
                0x6000c5fc                        _mdmac_link_mode = .
                0x6000c5fc                        . = (. + (_dmac_link_mode_end - _dmac_link_mode_start))
                0x6000c600                        . = ALIGN (0x20)
 *fill*         0x6000c5fc        0x4 
                0x6000c600                        _msncbuffer = .
                0x6000c600                        . = (. + (_sncbuffer_end - _sncbuffer_start))
                0x6000c600                        . = ALIGN (0x20)
                0x6000c600                        _mncbuffer = .
                0x6000c600                        . = (. + (_ncbuffer_end - _ncbuffer_start))
                0x6000c600                        noncache_flash_contents_end = .

.secondary      0x10000000        0x0 load address 0x60020000
                0x10000000                        _secondary_start = .
 *(.secondary)
                0x10000000                        _secondary_end = .

.loader_text    0x00102000     0x1c00 load address 0x6000004c
                0x00102000                        _loader_text_start = .
 *(.loader_text)
 .loader_text   0x00102000       0x60 ./rzt/fsp/src/bsp/cmsis/Device/RENESAS/Source/cr/startup_core.o
                0x00102000                system_init
 */fsp/src/bsp/cmsis/Device/RENESAS/Source/*.o(.text*)
 .text.Default_Handler
                0x00102060        0xc ./rzt/fsp/src/bsp/cmsis/Device/RENESAS/Source/cr/startup_core.o
                0x00102060                Abort_Handler
                0x00102060                Default_Handler
                0x00102060                Prefetch_Handler
                0x00102060                Reserved_Handler
                0x00102060                SVC_Handler
                0x00102060                FIQ_Handler
                0x00102060                Undefined_Handler
 .text.stack_init
                0x0010206c       0x68 ./rzt/fsp/src/bsp/cmsis/Device/RENESAS/Source/cr/startup_core.o
                0x0010206c                stack_init
 .text.fpu_slavetcm_init
                0x001020d4       0x1c ./rzt/fsp/src/bsp/cmsis/Device/RENESAS/Source/cr/startup_core.o
                0x001020d4                fpu_slavetcm_init
 .text.IRQ_Handler
                0x001020f0       0x7c ./rzt/fsp/src/bsp/cmsis/Device/RENESAS/Source/cr/startup_core.o
                0x001020f0                IRQ_Handler
 .text.bsp_fpu_advancedsimd_init
                0x0010216c       0x5a ./rzt/fsp/src/bsp/cmsis/Device/RENESAS/Source/cr/system_core.o
                0x0010216c                bsp_fpu_advancedsimd_init
 .text.bsp_slavetcm_enable
                0x001021c6       0x3c ./rzt/fsp/src/bsp/cmsis/Device/RENESAS/Source/cr/system_core.o
                0x001021c6                bsp_slavetcm_enable
 .text.bsp_memory_protect_setting
                0x00102202       0xaa ./rzt/fsp/src/bsp/cmsis/Device/RENESAS/Source/cr/system_core.o
                0x00102202                bsp_memory_protect_setting
 .text.bsp_mpu_init
                0x001022ac       0x4e ./rzt/fsp/src/bsp/cmsis/Device/RENESAS/Source/cr/system_core.o
                0x001022ac                bsp_mpu_init
 .text.bsp_irq_cfg_common
                0x001022fa       0x56 ./rzt/fsp/src/bsp/cmsis/Device/RENESAS/Source/cr/system_core.o
                0x001022fa                bsp_irq_cfg_common
 .text.SystemInit
                0x00102350       0x68 ./rzt/fsp/src/bsp/cmsis/Device/RENESAS/Source/startup.o
                0x00102350                SystemInit
 .text.bsp_master_mpu_init
                0x001023b8      0x1ae ./rzt/fsp/src/bsp/cmsis/Device/RENESAS/Source/system.o
                0x001023b8                bsp_master_mpu_init
 .text.bsp_global_system_counter_init
                0x00102566       0x5a ./rzt/fsp/src/bsp/cmsis/Device/RENESAS/Source/system.o
                0x00102566                bsp_global_system_counter_init
 .text.bsp_loader_data_init
                0x001025c0       0x40 ./rzt/fsp/src/bsp/cmsis/Device/RENESAS/Source/system.o
                0x001025c0                bsp_loader_data_init
 .text.bsp_loader_bss_init
                0x00102600       0x34 ./rzt/fsp/src/bsp/cmsis/Device/RENESAS/Source/system.o
                0x00102600                bsp_loader_bss_init
 .text.bsp_copy_multibyte
                0x00102634       0x98 ./rzt/fsp/src/bsp/cmsis/Device/RENESAS/Source/system.o
                0x00102634                bsp_copy_multibyte
 .text.bsp_bss_init_multibyte
                0x001026cc       0x8a ./rzt/fsp/src/bsp/cmsis/Device/RENESAS/Source/system.o
                0x001026cc                bsp_bss_init_multibyte
 .text.bsp_application_bss_init
                0x00102756       0x34 ./rzt/fsp/src/bsp/cmsis/Device/RENESAS/Source/system.o
                0x00102756                bsp_application_bss_init
 .text.bsp_copy_to_ram
                0x0010278a      0x1d8 ./rzt/fsp/src/bsp/cmsis/Device/RENESAS/Source/system.o
                0x0010278a                bsp_copy_to_ram
 .text.bsp_cpu_reset_release
                0x00102962       0x7c ./rzt/fsp/src/bsp/cmsis/Device/RENESAS/Source/system.o
                0x00102962                bsp_cpu_reset_release
 .text.bsp_tfu_init
                0x001029de       0x94 ./rzt/fsp/src/bsp/cmsis/Device/RENESAS/Source/system.o
                0x001029de                bsp_tfu_init
 .text.bsp_static_constructor_init
                0x00102a72       0x84 ./rzt/fsp/src/bsp/cmsis/Device/RENESAS/Source/system.o
                0x00102a72                bsp_static_constructor_init
 */fsp/src/bsp/mcu/all/*/bsp_irq_core.o(.text*)
 .text.bsp_irq_core_cfg
                0x00102af6       0x9a ./rzt/fsp/src/bsp/mcu/all/cr/bsp_irq_core.o
                0x00102af6                bsp_irq_core_cfg
 .text.bsp_common_interrupt_handler
                0x00102b90       0x90 ./rzt/fsp/src/bsp/mcu/all/cr/bsp_irq_core.o
                0x00102b90                bsp_common_interrupt_handler
 */fsp/src/bsp/mcu/all/bsp_clocks.o(.text*)
 .text.SystemCoreClockUpdate
                0x00102c20       0x6a ./rzt/fsp/src/bsp/mcu/all/bsp_clocks.o
                0x00102c20                SystemCoreClockUpdate
 .text.bsp_prv_clock_set_hard_reset
                0x00102c8a       0xf4 ./rzt/fsp/src/bsp/mcu/all/bsp_clocks.o
 .text.bsp_clock_init
                0x00102d7e      0x272 ./rzt/fsp/src/bsp/mcu/all/bsp_clocks.o
                0x00102d7e                bsp_clock_init
 .text.bsp_prv_clock_temporaliy_set_system_clock
                0x00102ff0       0xb8 ./rzt/fsp/src/bsp/mcu/all/bsp_clocks.o
 */fsp/src/bsp/mcu/all/bsp_irq.o(.text*)
 .text.bsp_irq_cfg
                0x001030a8        0xc ./rzt/fsp/src/bsp/mcu/all/bsp_irq.o
                0x001030a8                bsp_irq_cfg
 */fsp/src/bsp/mcu/all/bsp_semaphore.o(.text*)
 .text.bsp_semaphore_init
                0x001030b4       0x4a ./rzt/fsp/src/bsp/mcu/all/bsp_semaphore.o
                0x001030b4                bsp_semaphore_init
 */fsp/src/bsp/mcu/all/bsp_register_protection.o(.text*)
 .text.R_BSP_RegisterProtectEnable
                0x001030fe       0xba ./rzt/fsp/src/bsp/mcu/all/bsp_register_protection.o
                0x001030fe                R_BSP_RegisterProtectEnable
 .text.R_BSP_RegisterProtectDisable
                0x001031b8       0x9a ./rzt/fsp/src/bsp/mcu/all/bsp_register_protection.o
                0x001031b8                R_BSP_RegisterProtectDisable
 */fsp/src/bsp/mcu/all/bsp_cache.o(.text*)
 .text.R_BSP_CacheEnableInst
                0x00103252       0x38 ./rzt/fsp/src/bsp/mcu/all/bsp_cache.o
                0x00103252                R_BSP_CacheEnableInst
 .text.R_BSP_CacheEnableData
                0x0010328a       0x38 ./rzt/fsp/src/bsp/mcu/all/bsp_cache.o
                0x0010328a                R_BSP_CacheEnableData
 .text.R_BSP_CacheEnableMemoryProtect
                0x001032c2       0x38 ./rzt/fsp/src/bsp/mcu/all/bsp_cache.o
                0x001032c2                R_BSP_CacheEnableMemoryProtect
 .text.R_BSP_CacheInvalidateAll
                0x001032fa      0x12c ./rzt/fsp/src/bsp/mcu/all/bsp_cache.o
                0x001032fa                R_BSP_CacheInvalidateAll
 */fsp/src/r_ioport/r_ioport.o(.text*)
 .text.R_BSP_PinAccessEnable
                0x00103426       0x94 ./rzt/fsp/src/r_ioport/r_ioport.o
 .text.R_BSP_PinAccessDisable
                0x001034ba       0xa6 ./rzt/fsp/src/r_ioport/r_ioport.o
 .text.R_IOPORT_Open
                0x00103560       0x3a ./rzt/fsp/src/r_ioport/r_ioport.o
                0x00103560                R_IOPORT_Open
 .text.r_ioport_pins_config
                0x0010359a       0x4e ./rzt/fsp/src/r_ioport/r_ioport.o
 .text.r_ioport_pin_set
                0x001035e8      0x306 ./rzt/fsp/src/r_ioport/r_ioport.o
 .text.r_ioport_event_config
                0x001038ee      0x242 ./rzt/fsp/src/r_ioport/r_ioport.o
 *(.warm_start)
 .warm_start    0x00103b30       0x3a ./src/hal_entry.o
                0x00103b30                R_BSP_WarmStart
 *fill*         0x00103b6a        0x6 
 .warm_start.__stub
                0x00103b70        0x8 linker stubs
 *(.loader_user_data*)
                0x00103c00                        . = ALIGN (0x200)
 *fill*         0x00103b78       0x88 
                0x00103c00                        _loader_text_end = .

.loader_data    0x00103c00      0x910 load address 0x60001c4c
                0x00103c00                        _loader_data_start = .
                0x00103c00                        __loader_data_start = .
 */fsp/src/bsp/cmsis/Device/RENESAS/Source/*.o(.data*)
 */fsp/src/bsp/cmsis/Device/RENESAS/Source/*/system_core.o(.rodata*)
 .rodata.g_bsp_el1_mpu
                0x00103c00       0xc0 ./rzt/fsp/src/bsp/cmsis/Device/RENESAS/Source/cr/system_core.o
 */fsp/src/bsp/mcu/all/*/bsp_irq_core.o(.data*)
 */fsp/src/bsp/mcu/all/bsp_clocks.o(.data*)
 */fsp/src/bsp/mcu/all/bsp_irq.o(.data*)
 */fsp/src/bsp/mcu/all/bsp_semaphore.o(.data*)
 */fsp/src/bsp/mcu/all/bsp_register_protection.o(.data*)
 */fsp/src/bsp/mcu/all/bsp_cache.o(.data*)
 */fsp/src/r_ioport/r_ioport.o(.data*)
                0x00103cc0                        . = ALIGN (0x4)
                0x00103cc0                        __loader_data_end = .
                0x00103cc0                        __loader_bss_start = .
 */fsp/src/bsp/cmsis/Device/RENESAS/Source/*.o(.bss*)
 .bss.SystemCoreClock
                0x00103cc0        0x4 ./rzt/fsp/src/bsp/cmsis/Device/RENESAS/Source/system.o
                0x00103cc0                SystemCoreClock
 .bss.g_sgi_ppi_vector_table
                0x00103cc4       0x80 ./rzt/fsp/src/bsp/cmsis/Device/RENESAS/Source/system.o
                0x00103cc4                g_sgi_ppi_vector_table
 */fsp/src/bsp/mcu/all/*/bsp_irq_core.o(.bss*)
 .bss.gp_renesas_isr_context
                0x00103d44      0x780 ./rzt/fsp/src/bsp/mcu/all/cr/bsp_irq_core.o
                0x00103d44                gp_renesas_isr_context
 .bss.g_current_interrupt_num
                0x001044c4       0x40 ./rzt/fsp/src/bsp/mcu/all/cr/bsp_irq_core.o
                0x001044c4                g_current_interrupt_num
 .bss.g_current_interrupt_pointer
                0x00104504        0x1 ./rzt/fsp/src/bsp/mcu/all/cr/bsp_irq_core.o
                0x00104504                g_current_interrupt_pointer
 */fsp/src/bsp/mcu/all/bsp_clocks.o(.bss*)
 */fsp/src/bsp/mcu/all/bsp_irq.o(.bss*)
 */fsp/src/bsp/mcu/all/bsp_semaphore.o(.bss*)
 */fsp/src/bsp/mcu/all/bsp_register_protection.o(.bss*)
 *fill*         0x00104505        0x3 
 .bss.g_protect_counters
                0x00104508        0x8 ./rzt/fsp/src/bsp/mcu/all/bsp_register_protection.o
                0x00104508                g_protect_counters
 */fsp/src/bsp/mcu/all/bsp_cache.o(.bss*)
 */fsp/src/r_ioport/r_ioport.o(.bss*)
 */fsp/src/bsp/cmsis/Device/RENESAS/Source/*.o(COMMON)
 */fsp/src/bsp/mcu/all/*/bsp_irq_core.o(COMMON)
 */fsp/src/bsp/mcu/all/bsp_clocks.o(COMMON)
 */fsp/src/bsp/mcu/all/bsp_irq.o(COMMON)
 */fsp/src/bsp/mcu/all/bsp_semaphore.o(COMMON)
 */fsp/src/bsp/mcu/all/bsp_register_protection.o(.COMMON)
 */fsp/src/bsp/mcu/all/bsp_cache.o(COMMON)
 */fsp/src/r_ioport/r_ioport.o(.COMMON)
                0x00104510                        . = ALIGN (0x4)
                0x00104510                        __loader_bss_end = .
                0x00104510                        _loader_data_end = .

.intvec         0x00000000       0x44 load address 0x6000255c
                0x00000000                        _fvector_start = .
 *(.intvec)
 .intvec        0x00000000       0x44 ./rzt/fsp/src/bsp/cmsis/Device/RENESAS/Source/cr/startup_core.o
                0x00000000                __Vectors
                0x00000044                        _fvector_end = .

.image_info     0x00000100        0x0
                0x00000100                        _image_info_start = .
 *(.image_info)
                0x00000100                        _image_info_end = .

.text           0x00000100     0x84bc load address 0x600025a0
                0x00000100                        _text_start = .
 *(.text*)
 .text.R_BSP_PinClear
                0x00000100       0x56 ./src/hal_entry.o
 .text.R_BSP_PinToggle
                0x00000156       0x52 ./src/hal_entry.o
 .text.USR_SCI_UART_Write
                0x000001a8       0x6c ./src/hal_entry.o
 .text._write   0x00000214       0x28 ./src/hal_entry.o
                0x00000214                _write
 .text.fault_test_by_unalign
                0x0000023c       0x78 ./src/hal_entry.o
 .text.func_c   0x000002b4       0x2a ./src/hal_entry.o
 .text.func_b   0x000002de       0x1e ./src/hal_entry.o
 .text.func_a   0x000002fc       0x1e ./src/hal_entry.o
 .text.hal_entry
                0x0000031a      0x110 ./src/hal_entry.o
                0x0000031a                hal_entry
 .text.disassembly_ins_is_bl_blx
                0x0000042a       0x50 ./src/rzn2_rzt2_backtrace.o
 .text.print_backtrace
                0x0000047a      0x1f4 ./src/rzn2_rzt2_backtrace.o
 .text.backtrace_fault
                0x0000066e      0x134 ./src/rzn2_rzt2_backtrace.o
 .text.read_cpsr
                0x000007a2       0x1a ./src/rzn2_rzt2_backtrace.o
 .text.rzt2_rzn2_backtrace
                0x000007bc       0x74 ./src/rzn2_rzt2_backtrace.o
                0x000007bc                rzt2_rzn2_backtrace
 .text._getpid  0x00000830       0x10 ./src/syscall.o
                0x00000830                _getpid
 .text._kill    0x00000840       0x20 ./src/syscall.o
                0x00000840                _kill
 .text._exit    0x00000860       0x16 ./src/syscall.o
                0x00000860                _exit
 .text._read    0x00000876       0x3a ./src/syscall.o
                0x00000876                _read
 .text._close   0x000008b0       0x18 ./src/syscall.o
                0x000008b0                _close
 .text._fstat   0x000008c8       0x20 ./src/syscall.o
                0x000008c8                _fstat
 .text._isatty  0x000008e8       0x16 ./src/syscall.o
                0x000008e8                _isatty
 .text._lseek   0x000008fe       0x1a ./src/syscall.o
                0x000008fe                _lseek
 .text.main     0x00000918        0xe ./rzt_gen/main.o
                0x00000918                main
 .text.R_FSP_CurrentIrqGet
                0x00000926       0x26 ./rzt/fsp/src/r_sci_uart/r_sci_uart.o
 .text.r_fsp_irq_context_set
                0x0000094c       0x2e ./rzt/fsp/src/r_sci_uart/r_sci_uart.o
 .text.r_bsp_irq_clear_pending
                0x0000097a       0x62 ./rzt/fsp/src/r_sci_uart/r_sci_uart.o
 .text.r_bsp_irq_cfg
                0x000009dc      0x126 ./rzt/fsp/src/r_sci_uart/r_sci_uart.o
 .text.r_bsp_irq_enable_no_clear
                0x00000b02       0x7c ./rzt/fsp/src/r_sci_uart/r_sci_uart.o
 .text.r_bsp_irq_disable
                0x00000b7e       0x6e ./rzt/fsp/src/r_sci_uart/r_sci_uart.o
 .text.R_FSP_IsrContextSet
                0x00000bec       0x20 ./rzt/fsp/src/r_sci_uart/r_sci_uart.o
 .text.R_BSP_IrqClearPending
                0x00000c0c       0x1c ./rzt/fsp/src/r_sci_uart/r_sci_uart.o
 .text.R_BSP_IrqCfg
                0x00000c28       0x2e ./rzt/fsp/src/r_sci_uart/r_sci_uart.o
 .text.R_BSP_IrqEnableNoClear
                0x00000c56       0x1c ./rzt/fsp/src/r_sci_uart/r_sci_uart.o
 .text.R_BSP_IrqEnable
                0x00000c72       0x26 ./rzt/fsp/src/r_sci_uart/r_sci_uart.o
 .text.R_BSP_IrqDisable
                0x00000c98       0x1c ./rzt/fsp/src/r_sci_uart/r_sci_uart.o
 .text.R_FSP_IsrContextGet
                0x00000cb4       0x2a ./rzt/fsp/src/r_sci_uart/r_sci_uart.o
 .text.R_SCI_UART_Open
                0x00000cde      0x460 ./rzt/fsp/src/r_sci_uart/r_sci_uart.o
                0x00000cde                R_SCI_UART_Open
 .text.r_sci_uart_config_set
                0x0000113e      0x19e ./rzt/fsp/src/r_sci_uart/r_sci_uart.o
 .text.r_sci_irq_cfg
                0x000012dc       0x30 ./rzt/fsp/src/r_sci_uart/r_sci_uart.o
 .text.r_sci_irqs_cfg
                0x0000130c       0x5a ./rzt/fsp/src/r_sci_uart/r_sci_uart.o
 .text.r_sci_uart_baud_set
                0x00001366       0x34 ./rzt/fsp/src/r_sci_uart/r_sci_uart.o
 .text.r_sci_uart_call_callback
                0x0000139a       0x76 ./rzt/fsp/src/r_sci_uart/r_sci_uart.o
 .text.sci_uart_txi_common
                0x00001410       0xc6 ./rzt/fsp/src/r_sci_uart/r_sci_uart.o
 .text.sci_uart_txi_isr
                0x000014d6       0x28 ./rzt/fsp/src/r_sci_uart/r_sci_uart.o
                0x000014d6                sci_uart_txi_isr
 .text.sci_uart_rxi_common
                0x000014fe       0x88 ./rzt/fsp/src/r_sci_uart/r_sci_uart.o
 .text.sci_uart_rxi_isr
                0x00001586       0x28 ./rzt/fsp/src/r_sci_uart/r_sci_uart.o
                0x00001586                sci_uart_rxi_isr
 .text.sci_uart_tei_isr
                0x000015ae       0x46 ./rzt/fsp/src/r_sci_uart/r_sci_uart.o
                0x000015ae                sci_uart_tei_isr
 .text.sci_uart_eri_isr
                0x000015f4       0xc2 ./rzt/fsp/src/r_sci_uart/r_sci_uart.o
                0x000015f4                sci_uart_eri_isr
 .text.r_bsp_software_delay_loop
                0x000016b6        0xc ./rzt/fsp/src/bsp/mcu/all/cr/bsp_delay_core.o
                0x000016b6                r_bsp_software_delay_loop
 .text.R_BSP_SoftwareDelay
                0x000016c2      0x22e ./rzt/fsp/src/bsp/mcu/all/bsp_delay.o
                0x000016c2                R_BSP_SoftwareDelay
 .text.bsp_prv_software_delay_loop
                0x000018f0       0x16 ./rzt/fsp/src/bsp/mcu/all/bsp_delay.o
                0x000018f0                bsp_prv_software_delay_loop
 .text.R_BSP_CPUResetRelease
                0x00001906       0x3c ./rzt/fsp/src/bsp/mcu/all/bsp_reset.o
                0x00001906                R_BSP_CPUResetRelease
 .text._sbrk    0x00001942       0x8e ./rzt/fsp/src/bsp/mcu/all/bsp_sbrk.o
                0x00001942                _sbrk
 .text          0x000019d0       0x30 C:/Program Files (x86)/Arm GNU Toolchain arm-none-eabi/13.2 Rel1/bin/../lib/gcc/arm-none-eabi/13.2.1/thumb/v7+fp/hard\libgcc.a(_aeabi_uldivmod.o)
                0x000019d0                __aeabi_uldivmod
 .text.__udivmoddi4
                0x00001a00      0x108 C:/Program Files (x86)/Arm GNU Toolchain arm-none-eabi/13.2 Rel1/bin/../lib/gcc/arm-none-eabi/13.2.1/thumb/v7+fp/hard\libgcc.a(_udivmoddi4.o)
                0x00001a00                __udivmoddi4
 .text          0x00001b08        0x4 C:/Program Files (x86)/Arm GNU Toolchain arm-none-eabi/13.2 Rel1/bin/../lib/gcc/arm-none-eabi/13.2.1/thumb/v7+fp/hard\libgcc.a(_dvmd_tls.o)
                0x00001b08                __aeabi_idiv0
                0x00001b08                __aeabi_ldiv0
 .text.printf   0x00001b0c       0x28 C:/Program Files (x86)/Arm GNU Toolchain arm-none-eabi/13.2 Rel1/bin/../lib/gcc/arm-none-eabi/13.2.1/thumb/v7+fp/hard\libg.a(libc_a-printf.o)
                0x00001b0c                printf
 .text.putchar  0x00001b34       0x14 C:/Program Files (x86)/Arm GNU Toolchain arm-none-eabi/13.2 Rel1/bin/../lib/gcc/arm-none-eabi/13.2.1/thumb/v7+fp/hard\libg.a(libc_a-putchar.o)
                0x00001b34                putchar
 .text._puts_r  0x00001b48       0x9c C:/Program Files (x86)/Arm GNU Toolchain arm-none-eabi/13.2 Rel1/bin/../lib/gcc/arm-none-eabi/13.2.1/thumb/v7+fp/hard\libg.a(libc_a-puts.o)
                0x00001b48                _puts_r
 .text.puts     0x00001be4       0x10 C:/Program Files (x86)/Arm GNU Toolchain arm-none-eabi/13.2 Rel1/bin/../lib/gcc/arm-none-eabi/13.2.1/thumb/v7+fp/hard\libg.a(libc_a-puts.o)
                0x00001be4                puts
 .text.__errno  0x00001bf4        0xc C:/Program Files (x86)/Arm GNU Toolchain arm-none-eabi/13.2 Rel1/bin/../lib/gcc/arm-none-eabi/13.2.1/thumb/v7+fp/hard\libg.a(libc_a-errno.o)
                0x00001bf4                __errno
 .text.__retarget_lock_init_recursive
                0x00001c00        0x4 C:/Program Files (x86)/Arm GNU Toolchain arm-none-eabi/13.2 Rel1/bin/../lib/gcc/arm-none-eabi/13.2.1/thumb/v7+fp/hard\libg.a(libc_a-lock.o)
                0x00001c00                __retarget_lock_init_recursive
 .text.__retarget_lock_close_recursive
                0x00001c04        0x4 C:/Program Files (x86)/Arm GNU Toolchain arm-none-eabi/13.2 Rel1/bin/../lib/gcc/arm-none-eabi/13.2.1/thumb/v7+fp/hard\libg.a(libc_a-lock.o)
                0x00001c04                __retarget_lock_close_recursive
 .text.__retarget_lock_acquire_recursive
                0x00001c08        0x4 C:/Program Files (x86)/Arm GNU Toolchain arm-none-eabi/13.2 Rel1/bin/../lib/gcc/arm-none-eabi/13.2.1/thumb/v7+fp/hard\libg.a(libc_a-lock.o)
                0x00001c08                __retarget_lock_acquire_recursive
 .text.__retarget_lock_release_recursive
                0x00001c0c        0x4 C:/Program Files (x86)/Arm GNU Toolchain arm-none-eabi/13.2 Rel1/bin/../lib/gcc/arm-none-eabi/13.2.1/thumb/v7+fp/hard\libg.a(libc_a-lock.o)
                0x00001c0c                __retarget_lock_release_recursive
 .text          0x00001c10       0xec C:/Program Files (x86)/Arm GNU Toolchain arm-none-eabi/13.2 Rel1/bin/../lib/gcc/arm-none-eabi/13.2.1/thumb/v7+fp/hard\libg.a(libc_a-memcpy.o)
                0x00001c10                memcpy
 .text.strlen   0x00001cfc       0x5c C:/Program Files (x86)/Arm GNU Toolchain arm-none-eabi/13.2 Rel1/bin/../lib/gcc/arm-none-eabi/13.2.1/thumb/v7+fp/hard\libg.a(libc_a-strlen-stub.o)
                0x00001cfc                strlen
 .text._vfprintf_r
                0x00001d58     0x1c20 C:/Program Files (x86)/Arm GNU Toolchain arm-none-eabi/13.2 Rel1/bin/../lib/gcc/arm-none-eabi/13.2.1/thumb/v7+fp/hard\libg.a(libc_a-vfprintf.o)
                0x00001d58                _vfprintf_r
 .text.__sbprintf
                0x00003978       0x80 C:/Program Files (x86)/Arm GNU Toolchain arm-none-eabi/13.2 Rel1/bin/../lib/gcc/arm-none-eabi/13.2.1/thumb/v7+fp/hard\libg.a(libc_a-vfprintf.o)
 .text.__sprint_r.part.0
                0x000039f8       0x78 C:/Program Files (x86)/Arm GNU Toolchain arm-none-eabi/13.2 Rel1/bin/../lib/gcc/arm-none-eabi/13.2.1/thumb/v7+fp/hard\libg.a(libc_a-vfiprintf.o)
 .text.__sprint_r
                0x00003a70       0x18 C:/Program Files (x86)/Arm GNU Toolchain arm-none-eabi/13.2 Rel1/bin/../lib/gcc/arm-none-eabi/13.2.1/thumb/v7+fp/hard\libg.a(libc_a-vfiprintf.o)
                0x00003a70                __sprint_r
 .text._vfiprintf_r
                0x00003a88     0x1000 C:/Program Files (x86)/Arm GNU Toolchain arm-none-eabi/13.2 Rel1/bin/../lib/gcc/arm-none-eabi/13.2.1/thumb/v7+fp/hard\libg.a(libc_a-vfiprintf.o)
                0x00003a88                _vfiprintf_r
 .text.__sbprintf
                0x00004a88       0x80 C:/Program Files (x86)/Arm GNU Toolchain arm-none-eabi/13.2 Rel1/bin/../lib/gcc/arm-none-eabi/13.2.1/thumb/v7+fp/hard\libg.a(libc_a-vfiprintf.o)
 .text.__sflush_r
                0x00004b08      0x13c C:/Program Files (x86)/Arm GNU Toolchain arm-none-eabi/13.2 Rel1/bin/../lib/gcc/arm-none-eabi/13.2.1/thumb/v7+fp/hard\libg.a(libc_a-fflush.o)
                0x00004b08                __sflush_r
 .text._fflush_r
                0x00004c44       0x54 C:/Program Files (x86)/Arm GNU Toolchain arm-none-eabi/13.2 Rel1/bin/../lib/gcc/arm-none-eabi/13.2.1/thumb/v7+fp/hard\libg.a(libc_a-fflush.o)
                0x00004c44                _fflush_r
 .text.stdio_exit_handler
                0x00004c98       0x1c C:/Program Files (x86)/Arm GNU Toolchain arm-none-eabi/13.2 Rel1/bin/../lib/gcc/arm-none-eabi/13.2.1/thumb/v7+fp/hard\libg.a(libc_a-findfp.o)
 .text.cleanup_stdio
                0x00004cb4       0x40 C:/Program Files (x86)/Arm GNU Toolchain arm-none-eabi/13.2 Rel1/bin/../lib/gcc/arm-none-eabi/13.2.1/thumb/v7+fp/hard\libg.a(libc_a-findfp.o)
 .text.global_stdio_init.part.0
                0x00004cf4       0xf8 C:/Program Files (x86)/Arm GNU Toolchain arm-none-eabi/13.2 Rel1/bin/../lib/gcc/arm-none-eabi/13.2.1/thumb/v7+fp/hard\libg.a(libc_a-findfp.o)
 .text.__sinit  0x00004dec       0x50 C:/Program Files (x86)/Arm GNU Toolchain arm-none-eabi/13.2 Rel1/bin/../lib/gcc/arm-none-eabi/13.2.1/thumb/v7+fp/hard\libg.a(libc_a-findfp.o)
                0x00004dec                __sinit
 .text.__sfp_lock_acquire
                0x00004e3c        0xc C:/Program Files (x86)/Arm GNU Toolchain arm-none-eabi/13.2 Rel1/bin/../lib/gcc/arm-none-eabi/13.2.1/thumb/v7+fp/hard\libg.a(libc_a-findfp.o)
                0x00004e3c                __sfp_lock_acquire
 .text.__sfp_lock_release
                0x00004e48        0xc C:/Program Files (x86)/Arm GNU Toolchain arm-none-eabi/13.2 Rel1/bin/../lib/gcc/arm-none-eabi/13.2.1/thumb/v7+fp/hard\libg.a(libc_a-findfp.o)
                0x00004e48                __sfp_lock_release
 .text.__sfvwrite_r
                0x00004e54      0x30c C:/Program Files (x86)/Arm GNU Toolchain arm-none-eabi/13.2 Rel1/bin/../lib/gcc/arm-none-eabi/13.2.1/thumb/v7+fp/hard\libg.a(libc_a-fvwrite.o)
                0x00004e54                __sfvwrite_r
 .text._fwalk_sglue
                0x00005160       0x44 C:/Program Files (x86)/Arm GNU Toolchain arm-none-eabi/13.2 Rel1/bin/../lib/gcc/arm-none-eabi/13.2.1/thumb/v7+fp/hard\libg.a(libc_a-fwalk.o)
                0x00005160                _fwalk_sglue
 .text._putc_r  0x000051a4       0x78 C:/Program Files (x86)/Arm GNU Toolchain arm-none-eabi/13.2 Rel1/bin/../lib/gcc/arm-none-eabi/13.2.1/thumb/v7+fp/hard\libg.a(libc_a-putc.o)
                0x000051a4                _putc_r
 .text.__sread  0x0000521c       0x24 C:/Program Files (x86)/Arm GNU Toolchain arm-none-eabi/13.2 Rel1/bin/../lib/gcc/arm-none-eabi/13.2.1/thumb/v7+fp/hard\libg.a(libc_a-stdio.o)
                0x0000521c                __sread
 .text.__swrite
                0x00005240       0x40 C:/Program Files (x86)/Arm GNU Toolchain arm-none-eabi/13.2 Rel1/bin/../lib/gcc/arm-none-eabi/13.2.1/thumb/v7+fp/hard\libg.a(libc_a-stdio.o)
                0x00005240                __swrite
 .text.__sseek  0x00005280       0x24 C:/Program Files (x86)/Arm GNU Toolchain arm-none-eabi/13.2 Rel1/bin/../lib/gcc/arm-none-eabi/13.2.1/thumb/v7+fp/hard\libg.a(libc_a-stdio.o)
                0x00005280                __sseek
 .text.__sclose
                0x000052a4        0x8 C:/Program Files (x86)/Arm GNU Toolchain arm-none-eabi/13.2 Rel1/bin/../lib/gcc/arm-none-eabi/13.2.1/thumb/v7+fp/hard\libg.a(libc_a-stdio.o)
                0x000052a4                __sclose
 .text.__swbuf_r
                0x000052ac       0xac C:/Program Files (x86)/Arm GNU Toolchain arm-none-eabi/13.2 Rel1/bin/../lib/gcc/arm-none-eabi/13.2.1/thumb/v7+fp/hard\libg.a(libc_a-wbuf.o)
                0x000052ac                __swbuf_r
 .text.__swsetup_r
                0x00005358       0xc4 C:/Program Files (x86)/Arm GNU Toolchain arm-none-eabi/13.2 Rel1/bin/../lib/gcc/arm-none-eabi/13.2.1/thumb/v7+fp/hard\libg.a(libc_a-wsetup.o)
                0x00005358                __swsetup_r
 .text.__fputwc
                0x0000541c       0x84 C:/Program Files (x86)/Arm GNU Toolchain arm-none-eabi/13.2 Rel1/bin/../lib/gcc/arm-none-eabi/13.2.1/thumb/v7+fp/hard\libg.a(libc_a-fputwc.o)
                0x0000541c                __fputwc
 .text._fputwc_r
                0x000054a0       0x60 C:/Program Files (x86)/Arm GNU Toolchain arm-none-eabi/13.2 Rel1/bin/../lib/gcc/arm-none-eabi/13.2.1/thumb/v7+fp/hard\libg.a(libc_a-fputwc.o)
                0x000054a0                _fputwc_r
 .text.memmove  0x00005500       0xf8 C:/Program Files (x86)/Arm GNU Toolchain arm-none-eabi/13.2 Rel1/bin/../lib/gcc/arm-none-eabi/13.2.1/thumb/v7+fp/hard\libg.a(libc_a-memmove.o)
                0x00005500                memmove
 .text.memset   0x000055f8       0xa8 C:/Program Files (x86)/Arm GNU Toolchain arm-none-eabi/13.2 Rel1/bin/../lib/gcc/arm-none-eabi/13.2.1/thumb/v7+fp/hard\libg.a(libc_a-memset.o)
                0x000055f8                memset
 .text.strncpy  0x000056a0       0x74 C:/Program Files (x86)/Arm GNU Toolchain arm-none-eabi/13.2 Rel1/bin/../lib/gcc/arm-none-eabi/13.2.1/thumb/v7+fp/hard\libg.a(libc_a-strncpy.o)
                0x000056a0                strncpy
 .text.__locale_mb_cur_max
                0x00005714       0x10 C:/Program Files (x86)/Arm GNU Toolchain arm-none-eabi/13.2 Rel1/bin/../lib/gcc/arm-none-eabi/13.2.1/thumb/v7+fp/hard\libg.a(libc_a-locale.o)
                0x00005714                __locale_mb_cur_max
 .text._localeconv_r
                0x00005724        0x8 C:/Program Files (x86)/Arm GNU Toolchain arm-none-eabi/13.2 Rel1/bin/../lib/gcc/arm-none-eabi/13.2.1/thumb/v7+fp/hard\libg.a(libc_a-localeconv.o)
                0x00005724                _localeconv_r
 .text._close_r
                0x0000572c       0x28 C:/Program Files (x86)/Arm GNU Toolchain arm-none-eabi/13.2 Rel1/bin/../lib/gcc/arm-none-eabi/13.2.1/thumb/v7+fp/hard\libg.a(libc_a-closer.o)
                0x0000572c                _close_r
 .text._lseek_r
                0x00005754       0x30 C:/Program Files (x86)/Arm GNU Toolchain arm-none-eabi/13.2 Rel1/bin/../lib/gcc/arm-none-eabi/13.2.1/thumb/v7+fp/hard\libg.a(libc_a-lseekr.o)
                0x00005754                _lseek_r
 .text._read_r  0x00005784       0x30 C:/Program Files (x86)/Arm GNU Toolchain arm-none-eabi/13.2 Rel1/bin/../lib/gcc/arm-none-eabi/13.2.1/thumb/v7+fp/hard\libg.a(libc_a-readr.o)
                0x00005784                _read_r
 .text._write_r
                0x000057b4       0x30 C:/Program Files (x86)/Arm GNU Toolchain arm-none-eabi/13.2 Rel1/bin/../lib/gcc/arm-none-eabi/13.2.1/thumb/v7+fp/hard\libg.a(libc_a-writer.o)
                0x000057b4                _write_r
 .text.memchr   0x000057e4       0x98 C:/Program Files (x86)/Arm GNU Toolchain arm-none-eabi/13.2 Rel1/bin/../lib/gcc/arm-none-eabi/13.2.1/thumb/v7+fp/hard\libg.a(libc_a-memchr-stub.o)
                0x000057e4                memchr
 *fill*         0x0000587c        0x4 
 .text.frexp    0x00005880       0x78 C:/Program Files (x86)/Arm GNU Toolchain arm-none-eabi/13.2 Rel1/bin/../lib/gcc/arm-none-eabi/13.2.1/thumb/v7+fp/hard\libg.a(libm_a-s_frexp.o)
                0x00005880                frexp
 .text.quorem   0x000058f8      0x138 C:/Program Files (x86)/Arm GNU Toolchain arm-none-eabi/13.2 Rel1/bin/../lib/gcc/arm-none-eabi/13.2.1/thumb/v7+fp/hard\libg.a(libc_a-dtoa.o)
 .text._dtoa_r  0x00005a30      0xcec C:/Program Files (x86)/Arm GNU Toolchain arm-none-eabi/13.2 Rel1/bin/../lib/gcc/arm-none-eabi/13.2.1/thumb/v7+fp/hard\libg.a(libc_a-dtoa.o)
                0x00005a30                _dtoa_r
 .text._malloc_trim_r
                0x0000671c       0xc0 C:/Program Files (x86)/Arm GNU Toolchain arm-none-eabi/13.2 Rel1/bin/../lib/gcc/arm-none-eabi/13.2.1/thumb/v7+fp/hard\libg.a(libc_a-freer.o)
                0x0000671c                _malloc_trim_r
 .text._free_r  0x000067dc      0x208 C:/Program Files (x86)/Arm GNU Toolchain arm-none-eabi/13.2 Rel1/bin/../lib/gcc/arm-none-eabi/13.2.1/thumb/v7+fp/hard\libg.a(libc_a-freer.o)
                0x000067dc                _free_r
 .text._malloc_r
                0x000069e4      0x58c C:/Program Files (x86)/Arm GNU Toolchain arm-none-eabi/13.2 Rel1/bin/../lib/gcc/arm-none-eabi/13.2.1/thumb/v7+fp/hard\libg.a(libc_a-mallocr.o)
                0x000069e4                _malloc_r
 .text.__ascii_mbtowc
                0x00006f70       0x24 C:/Program Files (x86)/Arm GNU Toolchain arm-none-eabi/13.2 Rel1/bin/../lib/gcc/arm-none-eabi/13.2.1/thumb/v7+fp/hard\libg.a(libc_a-mbtowc_r.o)
                0x00006f70                __ascii_mbtowc
 .text.__malloc_lock
                0x00006f94        0xc C:/Program Files (x86)/Arm GNU Toolchain arm-none-eabi/13.2 Rel1/bin/../lib/gcc/arm-none-eabi/13.2.1/thumb/v7+fp/hard\libg.a(libc_a-mlock.o)
                0x00006f94                __malloc_lock
 .text.__malloc_unlock
                0x00006fa0        0xc C:/Program Files (x86)/Arm GNU Toolchain arm-none-eabi/13.2 Rel1/bin/../lib/gcc/arm-none-eabi/13.2.1/thumb/v7+fp/hard\libg.a(libc_a-mlock.o)
                0x00006fa0                __malloc_unlock
 .text._Balloc  0x00006fac       0x4c C:/Program Files (x86)/Arm GNU Toolchain arm-none-eabi/13.2 Rel1/bin/../lib/gcc/arm-none-eabi/13.2.1/thumb/v7+fp/hard\libg.a(libc_a-mprec.o)
                0x00006fac                _Balloc
 .text._Bfree   0x00006ff8       0x14 C:/Program Files (x86)/Arm GNU Toolchain arm-none-eabi/13.2 Rel1/bin/../lib/gcc/arm-none-eabi/13.2.1/thumb/v7+fp/hard\libg.a(libc_a-mprec.o)
                0x00006ff8                _Bfree
 .text.__multadd
                0x0000700c       0xa8 C:/Program Files (x86)/Arm GNU Toolchain arm-none-eabi/13.2 Rel1/bin/../lib/gcc/arm-none-eabi/13.2.1/thumb/v7+fp/hard\libg.a(libc_a-mprec.o)
                0x0000700c                __multadd
 .text.__hi0bits
                0x000070b4       0x48 C:/Program Files (x86)/Arm GNU Toolchain arm-none-eabi/13.2 Rel1/bin/../lib/gcc/arm-none-eabi/13.2.1/thumb/v7+fp/hard\libg.a(libc_a-mprec.o)
                0x000070b4                __hi0bits
 .text.__lo0bits
                0x000070fc       0x58 C:/Program Files (x86)/Arm GNU Toolchain arm-none-eabi/13.2 Rel1/bin/../lib/gcc/arm-none-eabi/13.2.1/thumb/v7+fp/hard\libg.a(libc_a-mprec.o)
                0x000070fc                __lo0bits
 .text.__i2b    0x00007154       0x60 C:/Program Files (x86)/Arm GNU Toolchain arm-none-eabi/13.2 Rel1/bin/../lib/gcc/arm-none-eabi/13.2.1/thumb/v7+fp/hard\libg.a(libc_a-mprec.o)
                0x00007154                __i2b
 .text.__multiply
                0x000071b4      0x174 C:/Program Files (x86)/Arm GNU Toolchain arm-none-eabi/13.2 Rel1/bin/../lib/gcc/arm-none-eabi/13.2.1/thumb/v7+fp/hard\libg.a(libc_a-mprec.o)
                0x000071b4                __multiply
 .text.__pow5mult
                0x00007328       0xbc C:/Program Files (x86)/Arm GNU Toolchain arm-none-eabi/13.2 Rel1/bin/../lib/gcc/arm-none-eabi/13.2.1/thumb/v7+fp/hard\libg.a(libc_a-mprec.o)
                0x00007328                __pow5mult
 .text.__lshift
                0x000073e4       0xec C:/Program Files (x86)/Arm GNU Toolchain arm-none-eabi/13.2 Rel1/bin/../lib/gcc/arm-none-eabi/13.2.1/thumb/v7+fp/hard\libg.a(libc_a-mprec.o)
                0x000073e4                __lshift
 .text.__mcmp   0x000074d0       0x40 C:/Program Files (x86)/Arm GNU Toolchain arm-none-eabi/13.2 Rel1/bin/../lib/gcc/arm-none-eabi/13.2.1/thumb/v7+fp/hard\libg.a(libc_a-mprec.o)
                0x000074d0                __mcmp
 .text.__mdiff  0x00007510      0x198 C:/Program Files (x86)/Arm GNU Toolchain arm-none-eabi/13.2 Rel1/bin/../lib/gcc/arm-none-eabi/13.2.1/thumb/v7+fp/hard\libg.a(libc_a-mprec.o)
                0x00007510                __mdiff
 .text.__d2b    0x000076a8       0xc0 C:/Program Files (x86)/Arm GNU Toolchain arm-none-eabi/13.2 Rel1/bin/../lib/gcc/arm-none-eabi/13.2.1/thumb/v7+fp/hard\libg.a(libc_a-mprec.o)
                0x000076a8                __d2b
 .text._realloc_r
                0x00007768      0x37c C:/Program Files (x86)/Arm GNU Toolchain arm-none-eabi/13.2 Rel1/bin/../lib/gcc/arm-none-eabi/13.2.1/thumb/v7+fp/hard\libg.a(libc_a-reallocr.o)
                0x00007768                _realloc_r
 .text.__ascii_wctomb
                0x00007ae4       0x1c C:/Program Files (x86)/Arm GNU Toolchain arm-none-eabi/13.2 Rel1/bin/../lib/gcc/arm-none-eabi/13.2.1/thumb/v7+fp/hard\libg.a(libc_a-wctomb_r.o)
                0x00007ae4                __ascii_wctomb
 .text._wcrtomb_r
                0x00007b00       0x3c C:/Program Files (x86)/Arm GNU Toolchain arm-none-eabi/13.2 Rel1/bin/../lib/gcc/arm-none-eabi/13.2.1/thumb/v7+fp/hard\libg.a(libc_a-wcrtomb.o)
                0x00007b00                _wcrtomb_r
 .text._wcsrtombs_r
                0x00007b3c       0x18 C:/Program Files (x86)/Arm GNU Toolchain arm-none-eabi/13.2 Rel1/bin/../lib/gcc/arm-none-eabi/13.2.1/thumb/v7+fp/hard\libg.a(libc_a-wcsrtombs.o)
                0x00007b3c                _wcsrtombs_r
 .text._fclose_r
                0x00007b54       0xc0 C:/Program Files (x86)/Arm GNU Toolchain arm-none-eabi/13.2 Rel1/bin/../lib/gcc/arm-none-eabi/13.2.1/thumb/v7+fp/hard\libg.a(libc_a-fclose.o)
                0x00007b54                _fclose_r
 .text.__smakebuf_r
                0x00007c14       0xdc C:/Program Files (x86)/Arm GNU Toolchain arm-none-eabi/13.2 Rel1/bin/../lib/gcc/arm-none-eabi/13.2.1/thumb/v7+fp/hard\libg.a(libc_a-makebuf.o)
                0x00007c14                __smakebuf_r
 .text._fstat_r
                0x00007cf0       0x2c C:/Program Files (x86)/Arm GNU Toolchain arm-none-eabi/13.2 Rel1/bin/../lib/gcc/arm-none-eabi/13.2.1/thumb/v7+fp/hard\libg.a(libc_a-fstatr.o)
                0x00007cf0                _fstat_r
 .text._isatty_r
                0x00007d1c       0x28 C:/Program Files (x86)/Arm GNU Toolchain arm-none-eabi/13.2 Rel1/bin/../lib/gcc/arm-none-eabi/13.2.1/thumb/v7+fp/hard\libg.a(libc_a-isattyr.o)
                0x00007d1c                _isatty_r
 .text._sbrk_r  0x00007d44       0x28 C:/Program Files (x86)/Arm GNU Toolchain arm-none-eabi/13.2 Rel1/bin/../lib/gcc/arm-none-eabi/13.2.1/thumb/v7+fp/hard\libg.a(libc_a-sbrkr.o)
                0x00007d44                _sbrk_r
 .text.sysconf  0x00007d6c       0x1c C:/Program Files (x86)/Arm GNU Toolchain arm-none-eabi/13.2 Rel1/bin/../lib/gcc/arm-none-eabi/13.2.1/thumb/v7+fp/hard\libg.a(libc_a-sysconf.o)
                0x00007d6c                sysconf
 .text.__assert_func
                0x00007d88       0x44 C:/Program Files (x86)/Arm GNU Toolchain arm-none-eabi/13.2 Rel1/bin/../lib/gcc/arm-none-eabi/13.2.1/thumb/v7+fp/hard\libg.a(libc_a-assert.o)
                0x00007d88                __assert_func
 .text._calloc_r
                0x00007dcc       0x7c C:/Program Files (x86)/Arm GNU Toolchain arm-none-eabi/13.2 Rel1/bin/../lib/gcc/arm-none-eabi/13.2.1/thumb/v7+fp/hard\libg.a(libc_a-callocr.o)
                0x00007dcc                _calloc_r
 .text._wcsnrtombs_l
                0x00007e48       0xfc C:/Program Files (x86)/Arm GNU Toolchain arm-none-eabi/13.2 Rel1/bin/../lib/gcc/arm-none-eabi/13.2.1/thumb/v7+fp/hard\libg.a(libc_a-wcsnrtombs.o)
                0x00007e48                _wcsnrtombs_l
 .text._wcsnrtombs_r
                0x00007f44       0x28 C:/Program Files (x86)/Arm GNU Toolchain arm-none-eabi/13.2 Rel1/bin/../lib/gcc/arm-none-eabi/13.2.1/thumb/v7+fp/hard\libg.a(libc_a-wcsnrtombs.o)
                0x00007f44                _wcsnrtombs_r
 .text.fiprintf
                0x00007f6c       0x2c C:/Program Files (x86)/Arm GNU Toolchain arm-none-eabi/13.2 Rel1/bin/../lib/gcc/arm-none-eabi/13.2.1/thumb/v7+fp/hard\libg.a(libc_a-fiprintf.o)
                0x00007f6c                fiprintf
 .text.abort    0x00007f98       0x10 C:/Program Files (x86)/Arm GNU Toolchain arm-none-eabi/13.2 Rel1/bin/../lib/gcc/arm-none-eabi/13.2.1/thumb/v7+fp/hard\libg.a(libc_a-abort.o)
                0x00007f98                abort
 .text.raise    0x00007fa8       0x5c C:/Program Files (x86)/Arm GNU Toolchain arm-none-eabi/13.2 Rel1/bin/../lib/gcc/arm-none-eabi/13.2.1/thumb/v7+fp/hard\libg.a(libc_a-signal.o)
                0x00007fa8                raise
 .text._kill_r  0x00008004       0x2c C:/Program Files (x86)/Arm GNU Toolchain arm-none-eabi/13.2 Rel1/bin/../lib/gcc/arm-none-eabi/13.2.1/thumb/v7+fp/hard\libg.a(libc_a-signalr.o)
                0x00008004                _kill_r
 .text._getpid_r
                0x00008030        0x4 C:/Program Files (x86)/Arm GNU Toolchain arm-none-eabi/13.2 Rel1/bin/../lib/gcc/arm-none-eabi/13.2.1/thumb/v7+fp/hard\libg.a(libc_a-signalr.o)
                0x00008030                _getpid_r
 *fill*         0x00008034        0x4 
 .text          0x00008038      0x278 C:/Program Files (x86)/Arm GNU Toolchain arm-none-eabi/13.2 Rel1/bin/../lib/gcc/arm-none-eabi/13.2.1/thumb/v7+fp/hard\libgcc.a(_udivsi3.o)
                0x00008038                __aeabi_uidiv
                0x00008038                __udivsi3
                0x00008294                __aeabi_uidivmod
 .text          0x000082b0      0x2b0 C:/Program Files (x86)/Arm GNU Toolchain arm-none-eabi/13.2 Rel1/bin/../lib/gcc/arm-none-eabi/13.2.1/thumb/v7+fp/hard\libgcc.a(_divsi3.o)
                0x000082b0                __divsi3
                0x000082b0                __aeabi_idiv
                0x00008544                __aeabi_idivmod
 *(.reset_handler)
 .reset_handler
                0x00008560       0x30 ./rzt/fsp/src/bsp/cmsis/Device/RENESAS/Source/cr/startup_core.o
                0x00008560                Reset_Handler
 *(.init)
 *(.fini)
 *crtbegin.o(.ctors)
 *crtbegin?.o(.ctors)
 *(EXCLUDE_FILE(*crtend.o *crtend?.o) .ctors)
 *(SORT_BY_NAME(.ctors.*))
 *(.ctors)
                0x00008590                        _ctor_end = .
 *crtbegin.o(.dtors)
 *crtbegin?.o(.dtors)
 *(EXCLUDE_FILE(*crtend.o *crtend?.o) .dtors)
 *(SORT_BY_NAME(.dtors.*))
 *(.dtors)
                0x00008590                        _dtor_end = .
 *(.eh_frame*)
 .eh_frame      0x00008590       0x2c C:/Program Files (x86)/Arm GNU Toolchain arm-none-eabi/13.2 Rel1/bin/../lib/gcc/arm-none-eabi/13.2.1/thumb/v7+fp/hard\libg.a(libc_a-memcpy.o)

.glue_7         0x000085bc        0x0 load address 0x6000aa5c
 .glue_7        0x000085bc        0x0 linker stubs

.glue_7t        0x000085bc        0x0 load address 0x6000aa5c
 .glue_7t       0x000085bc        0x0 linker stubs

.vfp11_veneer   0x000085bc        0x0 load address 0x6000aa5c
 .vfp11_veneer  0x000085bc        0x0 linker stubs

.v4_bx          0x000085bc        0x0 load address 0x6000aa5c
 .v4_bx         0x000085bc        0x0 linker stubs

.iplt           0x000085bc        0x0 load address 0x6000aa5c
 .iplt          0x000085bc        0x0 ./src/hal_entry.o

.rvectors       0x000085bc        0x0
                0x000085bc                        _rvectors_start = .
 *(.rvectors)
                0x000085bc                        _rvectors_end = .

.ARM.extab
 *(.ARM.extab* .gnu.linkonce.armextab.*)

.ARM.exidx      0x000085bc        0x8 load address 0x6000aa5c
                0x000085bc                        __exidx_start = .
 *(.ARM.exidx* .gnu.linkonce.armexidx.*)
 .ARM.exidx.text.__udivmoddi4
                0x000085bc        0x8 C:/Program Files (x86)/Arm GNU Toolchain arm-none-eabi/13.2 Rel1/bin/../lib/gcc/arm-none-eabi/13.2.1/thumb/v7+fp/hard\libgcc.a(_udivmoddi4.o)
 .ARM.exidx     0x000085c4        0x0 C:/Program Files (x86)/Arm GNU Toolchain arm-none-eabi/13.2 Rel1/bin/../lib/gcc/arm-none-eabi/13.2.1/thumb/v7+fp/hard\libg.a(libc_a-memcpy.o)
                                  0x8 (size before relaxing)
                0x000085c4                        __exidx_end = .
                0x000085c4                        _text_end = .

.rel.dyn        0x000085c4        0x0 load address 0x6000aa64
 .rel.iplt      0x000085c4        0x0 ./src/hal_entry.o

.data           0x000085c4     0x1b98 load address 0x6000aa64
                0x000085c4                        _data_start = .
 *(vtable)
 *(.data.*)
 .data.g_uart0_baud_setting
                0x000085c4        0x4 ./rzt_gen/hal_data.o
                0x000085c4                g_uart0_baud_setting
 .data._impure_ptr
                0x000085c8        0x4 C:/Program Files (x86)/Arm GNU Toolchain arm-none-eabi/13.2 Rel1/bin/../lib/gcc/arm-none-eabi/13.2.1/thumb/v7+fp/hard\libg.a(libc_a-impure.o)
                0x000085c8                _impure_ptr
 *fill*         0x000085cc        0x4 
 .data._impure_data
                0x000085d0      0x120 C:/Program Files (x86)/Arm GNU Toolchain arm-none-eabi/13.2 Rel1/bin/../lib/gcc/arm-none-eabi/13.2.1/thumb/v7+fp/hard\libg.a(libc_a-impure.o)
                0x000085d0                _impure_data
 .data.__sglue  0x000086f0        0xc C:/Program Files (x86)/Arm GNU Toolchain arm-none-eabi/13.2 Rel1/bin/../lib/gcc/arm-none-eabi/13.2.1/thumb/v7+fp/hard\libg.a(libc_a-findfp.o)
                0x000086f0                __sglue
 .data.__global_locale
                0x000086fc      0x16c C:/Program Files (x86)/Arm GNU Toolchain arm-none-eabi/13.2 Rel1/bin/../lib/gcc/arm-none-eabi/13.2.1/thumb/v7+fp/hard\libg.a(libc_a-locale.o)
                0x000086fc                __global_locale
 .data.__malloc_sbrk_base
                0x00008868        0x4 C:/Program Files (x86)/Arm GNU Toolchain arm-none-eabi/13.2 Rel1/bin/../lib/gcc/arm-none-eabi/13.2.1/thumb/v7+fp/hard\libg.a(libc_a-mallocr.o)
                0x00008868                __malloc_sbrk_base
 .data.__malloc_trim_threshold
                0x0000886c        0x4 C:/Program Files (x86)/Arm GNU Toolchain arm-none-eabi/13.2 Rel1/bin/../lib/gcc/arm-none-eabi/13.2.1/thumb/v7+fp/hard\libg.a(libc_a-mallocr.o)
                0x0000886c                __malloc_trim_threshold
 .data.__malloc_av_
                0x00008870      0x408 C:/Program Files (x86)/Arm GNU Toolchain arm-none-eabi/13.2 Rel1/bin/../lib/gcc/arm-none-eabi/13.2.1/thumb/v7+fp/hard\libg.a(libc_a-mallocr.o)
                0x00008870                __malloc_av_
 *(.data)
 *(.rodata*)
 .rodata        0x00008c78       0xa7 ./src/hal_entry.o
 *fill*         0x00008d1f        0x1 
 .rodata.__FUNCTION__.0
                0x00008d20        0xa ./src/hal_entry.o
 *fill*         0x00008d2a        0x2 
 .rodata        0x00008d2c      0x2c0 ./src/rzn2_rzt2_backtrace.o
 .rodata.__FUNCTION__.0
                0x00008fec       0x10 ./src/rzn2_rzt2_backtrace.o
 .rodata.g_ioport_cfg_extend
                0x00008ffc       0x26 ./rzt_gen/common_data.o
                0x00008ffc                g_ioport_cfg_extend
 *fill*         0x00009022        0x2 
 .rodata.g_uart0_cfg_extend
                0x00009024       0x14 ./rzt_gen/hal_data.o
                0x00009024                g_uart0_cfg_extend
 .rodata.g_uart0_cfg
                0x00009038       0x28 ./rzt_gen/hal_data.o
                0x00009038                g_uart0_cfg
 .rodata.g_bsp_pin_cfg_data
                0x00009060      0x3f0 ./rzt_gen/pin_data.o
                0x00009060                g_bsp_pin_cfg_data
 .rodata.g_bsp_pin_cfg
                0x00009450        0xc ./rzt_gen/pin_data.o
                0x00009450                g_bsp_pin_cfg
 .rodata.g_vector_table
                0x0000945c      0x700 ./rzt_gen/vector_data.o
                0x0000945c                g_vector_table
 .rodata.BSP_GICD_ICFGR_INIT
                0x00009b5c       0x70 ./rzt/fsp/src/bsp/mcu/rzt2m/bsp_irq_sense.o
                0x00009b5c                BSP_GICD_ICFGR_INIT
 .rodata.g_prcr_masks
                0x00009bcc        0x8 ./rzt/fsp/src/bsp/mcu/all/bsp_register_protection.o
 .rodata.g_bsp_master_mpu0_cfg
                0x00009bd4       0x40 ./rzt/fsp/src/bsp/cmsis/Device/RENESAS/Source/system.o
                0x00009bd4                g_bsp_master_mpu0_cfg
 .rodata.g_bsp_master_mpu1_cfg
                0x00009c14       0x40 ./rzt/fsp/src/bsp/cmsis/Device/RENESAS/Source/system.o
                0x00009c14                g_bsp_master_mpu1_cfg
 .rodata.g_bsp_master_mpu2_cfg
                0x00009c54       0x40 ./rzt/fsp/src/bsp/cmsis/Device/RENESAS/Source/system.o
                0x00009c54                g_bsp_master_mpu2_cfg
 .rodata.g_bsp_master_mpu3_cfg
                0x00009c94       0x40 ./rzt/fsp/src/bsp/cmsis/Device/RENESAS/Source/system.o
                0x00009c94                g_bsp_master_mpu3_cfg
 .rodata.g_bsp_master_mpu4_cfg
                0x00009cd4       0x40 ./rzt/fsp/src/bsp/cmsis/Device/RENESAS/Source/system.o
                0x00009cd4                g_bsp_master_mpu4_cfg
 .rodata.g_bsp_master_mpu6_cfg
                0x00009d14       0x40 ./rzt/fsp/src/bsp/cmsis/Device/RENESAS/Source/system.o
                0x00009d14                g_bsp_master_mpu6_cfg
 .rodata.g_bsp_prv_leds
                0x00009d54       0x10 ./rzt/board/rzt2m_rsk/board_leds.o
 .rodata.g_bsp_leds
                0x00009d64        0x8 ./rzt/board/rzt2m_rsk/board_leds.o
                0x00009d64                g_bsp_leds
 .rodata._puts_r.str1.4
                0x00009d6c      0x1ab C:/Program Files (x86)/Arm GNU Toolchain arm-none-eabi/13.2 Rel1/bin/../lib/gcc/arm-none-eabi/13.2.1/thumb/v7+fp/hard\libg.a(libc_a-puts.o)
                                  0x2 (size before relaxing)
 .rodata._vfprintf_r.str1.4
                0x00009f17       0x42 C:/Program Files (x86)/Arm GNU Toolchain arm-none-eabi/13.2 Rel1/bin/../lib/gcc/arm-none-eabi/13.2.1/thumb/v7+fp/hard\libg.a(libc_a-vfprintf.o)
 *fill*         0x00009f17        0x1 
 .rodata.zeroes.0
                0x00009f18       0x10 C:/Program Files (x86)/Arm GNU Toolchain arm-none-eabi/13.2 Rel1/bin/../lib/gcc/arm-none-eabi/13.2.1/thumb/v7+fp/hard\libg.a(libc_a-vfprintf.o)
 .rodata.blanks.1
                0x00009f28       0x10 C:/Program Files (x86)/Arm GNU Toolchain arm-none-eabi/13.2 Rel1/bin/../lib/gcc/arm-none-eabi/13.2.1/thumb/v7+fp/hard\libg.a(libc_a-vfprintf.o)
 .rodata._vfiprintf_r.str1.4
                0x00009f38       0x2f C:/Program Files (x86)/Arm GNU Toolchain arm-none-eabi/13.2 Rel1/bin/../lib/gcc/arm-none-eabi/13.2.1/thumb/v7+fp/hard\libg.a(libc_a-vfiprintf.o)
 .rodata.zeroes.0
                0x00009f38       0x10 C:/Program Files (x86)/Arm GNU Toolchain arm-none-eabi/13.2 Rel1/bin/../lib/gcc/arm-none-eabi/13.2.1/thumb/v7+fp/hard\libg.a(libc_a-vfiprintf.o)
 .rodata.blanks.1
                0x00009f48       0x10 C:/Program Files (x86)/Arm GNU Toolchain arm-none-eabi/13.2 Rel1/bin/../lib/gcc/arm-none-eabi/13.2.1/thumb/v7+fp/hard\libg.a(libc_a-vfiprintf.o)
 .rodata.str1.4
                0x00009f58       0x4c C:/Program Files (x86)/Arm GNU Toolchain arm-none-eabi/13.2 Rel1/bin/../lib/gcc/arm-none-eabi/13.2.1/thumb/v7+fp/hard\libg.a(libc_a-locale.o)
 .rodata._dtoa_r.str1.4
                0x00009f58       0x81 C:/Program Files (x86)/Arm GNU Toolchain arm-none-eabi/13.2 Rel1/bin/../lib/gcc/arm-none-eabi/13.2.1/thumb/v7+fp/hard\libg.a(libc_a-dtoa.o)
 .rodata.__multadd.str1.4
                0x00009f58       0x6e C:/Program Files (x86)/Arm GNU Toolchain arm-none-eabi/13.2 Rel1/bin/../lib/gcc/arm-none-eabi/13.2.1/thumb/v7+fp/hard\libg.a(libc_a-mprec.o)
 .rodata.p05.0  0x00009f58        0xc C:/Program Files (x86)/Arm GNU Toolchain arm-none-eabi/13.2 Rel1/bin/../lib/gcc/arm-none-eabi/13.2.1/thumb/v7+fp/hard\libg.a(libc_a-mprec.o)
 *fill*         0x00009f64        0x4 
 .rodata.__mprec_bigtens
                0x00009f68       0x28 C:/Program Files (x86)/Arm GNU Toolchain arm-none-eabi/13.2 Rel1/bin/../lib/gcc/arm-none-eabi/13.2.1/thumb/v7+fp/hard\libg.a(libc_a-mprec.o)
                0x00009f68                __mprec_bigtens
 .rodata.__mprec_tens
                0x00009f90       0xc8 C:/Program Files (x86)/Arm GNU Toolchain arm-none-eabi/13.2 Rel1/bin/../lib/gcc/arm-none-eabi/13.2.1/thumb/v7+fp/hard\libg.a(libc_a-mprec.o)
                0x00009f90                __mprec_tens
 .rodata._ctype_
                0x0000a058      0x101 C:/Program Files (x86)/Arm GNU Toolchain arm-none-eabi/13.2 Rel1/bin/../lib/gcc/arm-none-eabi/13.2.1/thumb/v7+fp/hard\libg.a(libc_a-ctype_.o)
                0x0000a058                _ctype_
 .rodata.__assert_func.str1.4
                0x0000a159       0x43 C:/Program Files (x86)/Arm GNU Toolchain arm-none-eabi/13.2 Rel1/bin/../lib/gcc/arm-none-eabi/13.2.1/thumb/v7+fp/hard\libg.a(libc_a-assert.o)
                0x0000a159                        _erodata = .
                0x0000a19c                        . = ALIGN (0x4)
 *fill*         0x0000a159        0x3 
                0x0000a15c                        PROVIDE (__preinit_array_start = .)
 *(.preinit_array)
                0x0000a15c                        PROVIDE (__preinit_array_end = .)
                0x0000a15c                        . = ALIGN (0x4)
                0x0000a15c                        PROVIDE (__init_array_start = .)
 *(SORT_BY_NAME(.init_array.*))
 *(.init_array)
                0x0000a15c                        PROVIDE (__init_array_end = .)
                0x0000a15c                        . = ALIGN (0x4)
                [!provide]                        PROVIDE (__fini_array_start = .)
 *(SORT_BY_NAME(.fini_array.*))
 *(.fini_array)
                [!provide]                        PROVIDE (__fini_array_end = .)
 *(.jcr*)
                0x0000a15c                        . = ALIGN (0x4)

.igot.plt       0x0000a15c        0x0 load address 0x6000c5fc
 .igot.plt      0x0000a15c        0x0 ./src/hal_entry.o

.got            0x0000a15c        0x0
 *(.got)
 *(.got.plt)
                0x0000a15c                        _data_end = .

.bss            0x0000a15c      0x25c load address 0x6000c5fc
                0x0000a15c                        . = ALIGN (0x4)
                0x0000a15c                        __bss_start__ = .
                0x0000a15c                        _bss = .
 *(.bss*)
 .bss.main_stack_start_addr
                0x0000a15c        0x4 ./src/rzn2_rzt2_backtrace.o
 .bss.main_stack_size
                0x0000a160        0x4 ./src/rzn2_rzt2_backtrace.o
 .bss.code_start_addr
                0x0000a164        0x4 ./src/rzn2_rzt2_backtrace.o
 .bss.code_size
                0x0000a168        0x4 ./src/rzn2_rzt2_backtrace.o
 .bss.lr.4      0x0000a16c        0x4 ./src/rzn2_rzt2_backtrace.o
 .bss.pc.3      0x0000a170        0x4 ./src/rzn2_rzt2_backtrace.o
 .bss.deep.2    0x0000a174        0x4 ./src/rzn2_rzt2_backtrace.o
 .bss.addr.1    0x0000a178       0x80 ./src/rzn2_rzt2_backtrace.o
 .bss.g_ioport_ctrl
                0x0000a1f8        0xc ./rzt_gen/common_data.o
                0x0000a1f8                g_ioport_ctrl
 .bss.g_uart0_ctrl
                0x0000a204       0x30 ./rzt_gen/hal_data.o
                0x0000a204                g_uart0_ctrl
 .bss.g_protect_port_counter
                0x0000a234        0x4 ./rzt/fsp/src/bsp/mcu/all/bsp_io.o
                0x0000a234                g_protect_port_counter
 .bss.current_heap_end.0
                0x0000a238        0x4 ./rzt/fsp/src/bsp/mcu/all/bsp_sbrk.o
 .bss.__lock___malloc_recursive_mutex
                0x0000a23c        0x1 C:/Program Files (x86)/Arm GNU Toolchain arm-none-eabi/13.2 Rel1/bin/../lib/gcc/arm-none-eabi/13.2.1/thumb/v7+fp/hard\libg.a(libc_a-lock.o)
                0x0000a23c                __lock___malloc_recursive_mutex
 *fill*         0x0000a23d        0x3 
 .bss.__lock___sfp_recursive_mutex
                0x0000a240        0x1 C:/Program Files (x86)/Arm GNU Toolchain arm-none-eabi/13.2 Rel1/bin/../lib/gcc/arm-none-eabi/13.2.1/thumb/v7+fp/hard\libg.a(libc_a-lock.o)
                0x0000a240                __lock___sfp_recursive_mutex
 *fill*         0x0000a241        0x3 
 .bss.__sf      0x0000a244      0x138 C:/Program Files (x86)/Arm GNU Toolchain arm-none-eabi/13.2 Rel1/bin/../lib/gcc/arm-none-eabi/13.2.1/thumb/v7+fp/hard\libg.a(libc_a-findfp.o)
                0x0000a244                __sf
 .bss.__stdio_exit_handler
                0x0000a37c        0x4 C:/Program Files (x86)/Arm GNU Toolchain arm-none-eabi/13.2 Rel1/bin/../lib/gcc/arm-none-eabi/13.2.1/thumb/v7+fp/hard\libg.a(libc_a-findfp.o)
                0x0000a37c                __stdio_exit_handler
 .bss.errno     0x0000a380        0x4 C:/Program Files (x86)/Arm GNU Toolchain arm-none-eabi/13.2 Rel1/bin/../lib/gcc/arm-none-eabi/13.2.1/thumb/v7+fp/hard\libg.a(libc_a-reent.o)
                0x0000a380                errno
 .bss.__malloc_current_mallinfo
                0x0000a384       0x28 C:/Program Files (x86)/Arm GNU Toolchain arm-none-eabi/13.2 Rel1/bin/../lib/gcc/arm-none-eabi/13.2.1/thumb/v7+fp/hard\libg.a(libc_a-mallocr.o)
                0x0000a384                __malloc_current_mallinfo
 .bss.__malloc_max_total_mem
                0x0000a3ac        0x4 C:/Program Files (x86)/Arm GNU Toolchain arm-none-eabi/13.2 Rel1/bin/../lib/gcc/arm-none-eabi/13.2.1/thumb/v7+fp/hard\libg.a(libc_a-mallocr.o)
                0x0000a3ac                __malloc_max_total_mem
 .bss.__malloc_max_sbrked_mem
                0x0000a3b0        0x4 C:/Program Files (x86)/Arm GNU Toolchain arm-none-eabi/13.2 Rel1/bin/../lib/gcc/arm-none-eabi/13.2.1/thumb/v7+fp/hard\libg.a(libc_a-mallocr.o)
                0x0000a3b0                __malloc_max_sbrked_mem
 .bss.__malloc_top_pad
                0x0000a3b4        0x4 C:/Program Files (x86)/Arm GNU Toolchain arm-none-eabi/13.2 Rel1/bin/../lib/gcc/arm-none-eabi/13.2.1/thumb/v7+fp/hard\libg.a(libc_a-mallocr.o)
                0x0000a3b4                __malloc_top_pad
 *(COMMON)
                0x0000a3b8                        . = ALIGN (0x4)
                0x0000a3b8                        __bss_end__ = .
                0x0000a3b8                        _ebss = .
                0x0000a3b8                        _end = .

.heap           0x0000a3b8     0x8000 load address 0x6000c858
                0x0000a3b8                        . = ALIGN (0x8)
                0x0000a3b8                        __HeapBase = .
 *(.heap)
 .heap          0x0000a3b8     0x8000 ./rzt/fsp/src/bsp/cmsis/Device/RENESAS/Source/cr/startup_core.o
                0x000123b8                        __HeapLimit = .

.thread_stack   0x000123b8        0x0
                0x000123b8                        . = ALIGN (0x8)
                0x000123b8                        __ThreadStackBase = .
 *(.stack*)
                0x000123b8                        __ThreadStackLimit = .

.sys_stack      0x00104510     0x1000 load address 0x60002560
                0x00104510                        . = ALIGN (0x8)
                0x00104510                        __SysStackBase = .
 *(.sys_stack)
 .sys_stack     0x00104510     0x1000 ./rzt/fsp/src/bsp/cmsis/Device/RENESAS/Source/cr/startup_core.o
                0x00105510                        __SysStackLimit = .

.svc_stack      0x00105510     0x1000 load address 0x60003560
                0x00105510                        . = ALIGN (0x8)
                0x00105510                        __SvcStackBase = .
 *(.svc_stack)
 .svc_stack     0x00105510     0x1000 ./rzt/fsp/src/bsp/cmsis/Device/RENESAS/Source/cr/startup_core.o
                0x00106510                        __SvcStackLimit = .

.irq_stack      0x00106510     0x1000 load address 0x60004560
                0x00106510                        . = ALIGN (0x8)
                0x00106510                        __IrqStackBase = .
 *(.irq_stack)
 .irq_stack     0x00106510     0x1000 ./rzt/fsp/src/bsp/cmsis/Device/RENESAS/Source/cr/startup_core.o
                0x00107510                        __IrqStackLimit = .

.fiq_stack      0x00107510     0x1000 load address 0x60005560
                0x00107510                        . = ALIGN (0x8)
                0x00107510                        __FiqStackBase = .
 *(.fiq_stack)
 .fiq_stack     0x00107510     0x1000 ./rzt/fsp/src/bsp/cmsis/Device/RENESAS/Source/cr/startup_core.o
                0x00108510                        __FiqStackLimit = .

.und_stack      0x00108510     0x1000 load address 0x60006560
                0x00108510                        . = ALIGN (0x8)
                0x00108510                        __UndStackBase = .
 *(.und_stack)
 .und_stack     0x00108510     0x1000 ./rzt/fsp/src/bsp/cmsis/Device/RENESAS/Source/cr/startup_core.o
                0x00109510                        __UndStackLimit = .

.abt_stack      0x00109510     0x1000 load address 0x60007560
                0x00109510                        . = ALIGN (0x8)
                0x00109510                        __AbtStackBase = .
 *(.abt_stack)
 .abt_stack     0x00109510     0x1000 ./rzt/fsp/src/bsp/cmsis/Device/RENESAS/Source/cr/startup_core.o
                0x0010a510                        __AbtStackLimit = .

.data_noncache  0x30198000        0x0 load address 0x6000c5fc
                0x30198000                        . = ALIGN (0x4)
                0x30198000                        _data_noncache_start = .
 *(.data_noncache*)
                0x30198000                        _data_noncache_end = .

.dmac_link_mode
                0x3019c000        0x0 load address 0x6000c5fc
                0x3019c000                        . = ALIGN (0x4)
                0x3019c000                        _dmac_link_mode_start = .
 *(.dmac_link_mode*)
                0x3019c000                        _dmac_link_mode_end = .

.shared_noncache_buffer
                0x301a0000        0x0 load address 0x6000c600
                0x301a0000                        . = ALIGN (0x20)
                0x301a0000                        _sncbuffer_start = .
 *(.shared_noncache_buffer*)
                0x301a0000                        _sncbuffer_end = .

.noncache_buffer
                0x301e0000        0x0 load address 0x6000c600
                0x301e0000                        . = ALIGN (0x20)
                0x301e0000                        _ncbuffer_start = .
 *(.noncache_buffer*)
                0x301e0000                        _ncbuffer_end = .
                0x60000000                        __ddsc_xSPI0_CS0_SPACE_START = DEFINED (CR52_0)?LOADER_PARAM_ADDRESS:0x60020000
                0x6000c600                        __ddsc_xSPI0_CS0_SPACE_END = DEFINED (CR52_0)?noncache_flash_contents_end:0x60040000
OUTPUT(rzt2m_cmbacktrace.elf elf32-littlearm)
LOAD linker stubs

.debug_info     0x00000000    0x1afaf
 .debug_info    0x00000000     0x3450 ./src/hal_entry.o
 .debug_info    0x00003450      0x345 ./src/rzn2_rzt2_backtrace.o
 .debug_info    0x00003795      0x6d5 ./src/syscall.o
 .debug_info    0x00003e6a     0x142f ./rzt_gen/common_data.o
 .debug_info    0x00005299     0x4f59 ./rzt_gen/hal_data.o
 .debug_info    0x0000a1f2       0xa6 ./rzt_gen/main.o
 .debug_info    0x0000a298     0x2090 ./rzt_gen/pin_data.o
 .debug_info    0x0000c328       0xda ./rzt_gen/vector_data.o
 .debug_info    0x0000c402     0x48d1 ./rzt/fsp/src/r_sci_uart/r_sci_uart.o
 .debug_info    0x00010cd3     0x2c70 ./rzt/fsp/src/r_ioport/r_ioport.o
 .debug_info    0x00013943       0xe4 ./rzt/fsp/src/bsp/mcu/rzt2m/bsp_irq_sense.o
 .debug_info    0x00013a27       0xbd ./rzt/fsp/src/bsp/mcu/rzt2m/bsp_loader_param.o
 .debug_info    0x00013ae4       0xba ./rzt/fsp/src/bsp/mcu/all/cr/bsp_delay_core.o
 .debug_info    0x00013b9e     0x11c1 ./rzt/fsp/src/bsp/mcu/all/cr/bsp_irq_core.o
 .debug_info    0x00014d5f      0xd05 ./rzt/fsp/src/bsp/mcu/all/bsp_cache.o
 .debug_info    0x00015a64     0x12f5 ./rzt/fsp/src/bsp/mcu/all/bsp_clocks.o
 .debug_info    0x00016d59      0x1b3 ./rzt/fsp/src/bsp/mcu/all/bsp_delay.o
 .debug_info    0x00016f0c       0xb1 ./rzt/fsp/src/bsp/mcu/all/bsp_io.o
 .debug_info    0x00016fbd       0x9c ./rzt/fsp/src/bsp/mcu/all/bsp_irq.o
 .debug_info    0x00017059      0x2c2 ./rzt/fsp/src/bsp/mcu/all/bsp_register_protection.o
 .debug_info    0x0001731b     0x10c3 ./rzt/fsp/src/bsp/mcu/all/bsp_reset.o
 .debug_info    0x000183de      0x133 ./rzt/fsp/src/bsp/mcu/all/bsp_sbrk.o
 .debug_info    0x00018511      0x213 ./rzt/fsp/src/bsp/mcu/all/bsp_semaphore.o
 .debug_info    0x00018724      0x230 ./rzt/fsp/src/bsp/cmsis/Device/RENESAS/Source/cr/startup_core.o
 .debug_info    0x00018954      0x715 ./rzt/fsp/src/bsp/cmsis/Device/RENESAS/Source/cr/system_core.o
 .debug_info    0x00019069      0x16a ./rzt/fsp/src/bsp/cmsis/Device/RENESAS/Source/startup.o
 .debug_info    0x000191d3     0x16fa ./rzt/fsp/src/bsp/cmsis/Device/RENESAS/Source/system.o
 .debug_info    0x0001a8cd      0x6e2 ./rzt/board/rzt2m_rsk/board_leds.o

.debug_abbrev   0x00000000     0x2973
 .debug_abbrev  0x00000000      0x393 ./src/hal_entry.o
 .debug_abbrev  0x00000393      0x144 ./src/rzn2_rzt2_backtrace.o
 .debug_abbrev  0x000004d7      0x1ad ./src/syscall.o
 .debug_abbrev  0x00000684      0x140 ./rzt_gen/common_data.o
 .debug_abbrev  0x000007c4      0x27a ./rzt_gen/hal_data.o
 .debug_abbrev  0x00000a3e       0x59 ./rzt_gen/main.o
 .debug_abbrev  0x00000a97      0x109 ./rzt_gen/pin_data.o
 .debug_abbrev  0x00000ba0       0x84 ./rzt_gen/vector_data.o
 .debug_abbrev  0x00000c24      0x4ff ./rzt/fsp/src/r_sci_uart/r_sci_uart.o
 .debug_abbrev  0x00001123      0x3d3 ./rzt/fsp/src/r_ioport/r_ioport.o
 .debug_abbrev  0x000014f6       0x61 ./rzt/fsp/src/bsp/mcu/rzt2m/bsp_irq_sense.o
 .debug_abbrev  0x00001557       0x61 ./rzt/fsp/src/bsp/mcu/rzt2m/bsp_loader_param.o
 .debug_abbrev  0x000015b8       0x64 ./rzt/fsp/src/bsp/mcu/all/cr/bsp_delay_core.o
 .debug_abbrev  0x0000161c      0x1c1 ./rzt/fsp/src/bsp/mcu/all/cr/bsp_irq_core.o
 .debug_abbrev  0x000017dd      0x1b7 ./rzt/fsp/src/bsp/mcu/all/bsp_cache.o
 .debug_abbrev  0x00001994      0x206 ./rzt/fsp/src/bsp/mcu/all/bsp_clocks.o
 .debug_abbrev  0x00001b9a       0xee ./rzt/fsp/src/bsp/mcu/all/bsp_delay.o
 .debug_abbrev  0x00001c88       0x5e ./rzt/fsp/src/bsp/mcu/all/bsp_io.o
 .debug_abbrev  0x00001ce6       0x57 ./rzt/fsp/src/bsp/mcu/all/bsp_irq.o
 .debug_abbrev  0x00001d3d      0x13e ./rzt/fsp/src/bsp/mcu/all/bsp_register_protection.o
 .debug_abbrev  0x00001e7b      0x1e0 ./rzt/fsp/src/bsp/mcu/all/bsp_reset.o
 .debug_abbrev  0x0000205b       0xaa ./rzt/fsp/src/bsp/mcu/all/bsp_sbrk.o
 .debug_abbrev  0x00002105      0x12b ./rzt/fsp/src/bsp/mcu/all/bsp_semaphore.o
 .debug_abbrev  0x00002230       0xf6 ./rzt/fsp/src/bsp/cmsis/Device/RENESAS/Source/cr/startup_core.o
 .debug_abbrev  0x00002326      0x1d6 ./rzt/fsp/src/bsp/cmsis/Device/RENESAS/Source/cr/system_core.o
 .debug_abbrev  0x000024fc       0xb5 ./rzt/fsp/src/bsp/cmsis/Device/RENESAS/Source/startup.o
 .debug_abbrev  0x000025b1      0x2e0 ./rzt/fsp/src/bsp/cmsis/Device/RENESAS/Source/system.o
 .debug_abbrev  0x00002891       0xe2 ./rzt/board/rzt2m_rsk/board_leds.o

.debug_aranges  0x00000000      0x768
 .debug_aranges
                0x00000000       0x70 ./src/hal_entry.o
 .debug_aranges
                0x00000070       0x40 ./src/rzn2_rzt2_backtrace.o
 .debug_aranges
                0x000000b0       0xa8 ./src/syscall.o
 .debug_aranges
                0x00000158       0x20 ./rzt_gen/common_data.o
 .debug_aranges
                0x00000178       0x20 ./rzt_gen/hal_data.o
 .debug_aranges
                0x00000198       0x20 ./rzt_gen/main.o
 .debug_aranges
                0x000001b8       0x18 ./rzt_gen/pin_data.o
 .debug_aranges
                0x000001d0       0x18 ./rzt_gen/vector_data.o
 .debug_aranges
                0x000001e8      0x140 ./rzt/fsp/src/r_sci_uart/r_sci_uart.o
 .debug_aranges
                0x00000328       0xb8 ./rzt/fsp/src/r_ioport/r_ioport.o
 .debug_aranges
                0x000003e0       0x18 ./rzt/fsp/src/bsp/mcu/rzt2m/bsp_irq_sense.o
 .debug_aranges
                0x000003f8       0x18 ./rzt/fsp/src/bsp/mcu/rzt2m/bsp_loader_param.o
 .debug_aranges
                0x00000410       0x20 ./rzt/fsp/src/bsp/mcu/all/cr/bsp_delay_core.o
 .debug_aranges
                0x00000430       0x28 ./rzt/fsp/src/bsp/mcu/all/cr/bsp_irq_core.o
 .debug_aranges
                0x00000458       0x80 ./rzt/fsp/src/bsp/mcu/all/bsp_cache.o
 .debug_aranges
                0x000004d8       0x40 ./rzt/fsp/src/bsp/mcu/all/bsp_clocks.o
 .debug_aranges
                0x00000518       0x28 ./rzt/fsp/src/bsp/mcu/all/bsp_delay.o
 .debug_aranges
                0x00000540       0x18 ./rzt/fsp/src/bsp/mcu/all/bsp_io.o
 .debug_aranges
                0x00000558       0x20 ./rzt/fsp/src/bsp/mcu/all/bsp_irq.o
 .debug_aranges
                0x00000578       0x28 ./rzt/fsp/src/bsp/mcu/all/bsp_register_protection.o
 .debug_aranges
                0x000005a0       0x48 ./rzt/fsp/src/bsp/mcu/all/bsp_reset.o
 .debug_aranges
                0x000005e8       0x20 ./rzt/fsp/src/bsp/mcu/all/bsp_sbrk.o
 .debug_aranges
                0x00000608       0x20 ./rzt/fsp/src/bsp/mcu/all/bsp_semaphore.o
 .debug_aranges
                0x00000628       0x50 ./rzt/fsp/src/bsp/cmsis/Device/RENESAS/Source/cr/startup_core.o
 .debug_aranges
                0x00000678       0x40 ./rzt/fsp/src/bsp/cmsis/Device/RENESAS/Source/cr/system_core.o
 .debug_aranges
                0x000006b8       0x20 ./rzt/fsp/src/bsp/cmsis/Device/RENESAS/Source/startup.o
 .debug_aranges
                0x000006d8       0x78 ./rzt/fsp/src/bsp/cmsis/Device/RENESAS/Source/system.o
 .debug_aranges
                0x00000750       0x18 ./rzt/board/rzt2m_rsk/board_leds.o

.debug_ranges   0x00000000      0x5a8
 .debug_ranges  0x00000000       0x60 ./src/hal_entry.o
 .debug_ranges  0x00000060       0x30 ./src/rzn2_rzt2_backtrace.o
 .debug_ranges  0x00000090       0x98 ./src/syscall.o
 .debug_ranges  0x00000128       0x10 ./rzt_gen/common_data.o
 .debug_ranges  0x00000138       0x10 ./rzt_gen/hal_data.o
 .debug_ranges  0x00000148       0x10 ./rzt_gen/main.o
 .debug_ranges  0x00000158      0x160 ./rzt/fsp/src/r_sci_uart/r_sci_uart.o
 .debug_ranges  0x000002b8       0xa8 ./rzt/fsp/src/r_ioport/r_ioport.o
 .debug_ranges  0x00000360       0x10 ./rzt/fsp/src/bsp/mcu/all/cr/bsp_delay_core.o
 .debug_ranges  0x00000370       0x18 ./rzt/fsp/src/bsp/mcu/all/cr/bsp_irq_core.o
 .debug_ranges  0x00000388       0x70 ./rzt/fsp/src/bsp/mcu/all/bsp_cache.o
 .debug_ranges  0x000003f8       0x30 ./rzt/fsp/src/bsp/mcu/all/bsp_clocks.o
 .debug_ranges  0x00000428       0x18 ./rzt/fsp/src/bsp/mcu/all/bsp_delay.o
 .debug_ranges  0x00000440       0x10 ./rzt/fsp/src/bsp/mcu/all/bsp_irq.o
 .debug_ranges  0x00000450       0x18 ./rzt/fsp/src/bsp/mcu/all/bsp_register_protection.o
 .debug_ranges  0x00000468       0x38 ./rzt/fsp/src/bsp/mcu/all/bsp_reset.o
 .debug_ranges  0x000004a0       0x10 ./rzt/fsp/src/bsp/mcu/all/bsp_sbrk.o
 .debug_ranges  0x000004b0       0x10 ./rzt/fsp/src/bsp/mcu/all/bsp_semaphore.o
 .debug_ranges  0x000004c0       0x40 ./rzt/fsp/src/bsp/cmsis/Device/RENESAS/Source/cr/startup_core.o
 .debug_ranges  0x00000500       0x30 ./rzt/fsp/src/bsp/cmsis/Device/RENESAS/Source/cr/system_core.o
 .debug_ranges  0x00000530       0x10 ./rzt/fsp/src/bsp/cmsis/Device/RENESAS/Source/startup.o
 .debug_ranges  0x00000540       0x68 ./rzt/fsp/src/bsp/cmsis/Device/RENESAS/Source/system.o

.debug_line     0x00000000     0x65e6
 .debug_line    0x00000000      0x6cf ./src/hal_entry.o
 .debug_line    0x000006cf      0x308 ./src/rzn2_rzt2_backtrace.o
 .debug_line    0x000009d7      0x37b ./src/syscall.o
 .debug_line    0x00000d52      0x290 ./rzt_gen/common_data.o
 .debug_line    0x00000fe2      0x37c ./rzt_gen/hal_data.o
 .debug_line    0x0000135e       0x58 ./rzt_gen/main.o
 .debug_line    0x000013b6      0x22f ./rzt_gen/pin_data.o
 .debug_line    0x000015e5       0xb4 ./rzt_gen/vector_data.o
 .debug_line    0x00001699     0x12b3 ./rzt/fsp/src/r_sci_uart/r_sci_uart.o
 .debug_line    0x0000294c      0xa39 ./rzt/fsp/src/r_ioport/r_ioport.o
 .debug_line    0x00003385      0x128 ./rzt/fsp/src/bsp/mcu/rzt2m/bsp_irq_sense.o
 .debug_line    0x000034ad      0x12b ./rzt/fsp/src/bsp/mcu/rzt2m/bsp_loader_param.o
 .debug_line    0x000035d8      0x143 ./rzt/fsp/src/bsp/mcu/all/cr/bsp_delay_core.o
 .debug_line    0x0000371b      0x37f ./rzt/fsp/src/bsp/mcu/all/cr/bsp_irq_core.o
 .debug_line    0x00003a9a      0x80c ./rzt/fsp/src/bsp/mcu/all/bsp_cache.o
 .debug_line    0x000042a6      0x4b5 ./rzt/fsp/src/bsp/mcu/all/bsp_clocks.o
 .debug_line    0x0000475b      0x289 ./rzt/fsp/src/bsp/mcu/all/bsp_delay.o
 .debug_line    0x000049e4      0x165 ./rzt/fsp/src/bsp/mcu/all/bsp_io.o
 .debug_line    0x00004b49       0xab ./rzt/fsp/src/bsp/mcu/all/bsp_irq.o
 .debug_line    0x00004bf4      0x27a ./rzt/fsp/src/bsp/mcu/all/bsp_register_protection.o
 .debug_line    0x00004e6e      0x337 ./rzt/fsp/src/bsp/mcu/all/bsp_reset.o
 .debug_line    0x000051a5      0x179 ./rzt/fsp/src/bsp/mcu/all/bsp_sbrk.o
 .debug_line    0x0000531e      0x226 ./rzt/fsp/src/bsp/mcu/all/bsp_semaphore.o
 .debug_line    0x00005544      0x1fb ./rzt/fsp/src/bsp/cmsis/Device/RENESAS/Source/cr/startup_core.o
 .debug_line    0x0000573f      0x3f1 ./rzt/fsp/src/bsp/cmsis/Device/RENESAS/Source/cr/system_core.o
 .debug_line    0x00005b30      0x239 ./rzt/fsp/src/bsp/cmsis/Device/RENESAS/Source/startup.o
 .debug_line    0x00005d69      0x6d2 ./rzt/fsp/src/bsp/cmsis/Device/RENESAS/Source/system.o
 .debug_line    0x0000643b      0x1ab ./rzt/board/rzt2m_rsk/board_leds.o

.debug_str      0x00000000    0x13488
 .debug_str     0x00000000    0x13488 ./src/hal_entry.o
                               0x3ed1 (size before relaxing)
 .debug_str     0x00013488      0x38d ./src/rzn2_rzt2_backtrace.o
 .debug_str     0x00013488      0x43f ./src/syscall.o
 .debug_str     0x00013488     0x351e ./rzt_gen/common_data.o
 .debug_str     0x00013488     0x84a8 ./rzt_gen/hal_data.o
 .debug_str     0x00013488      0x1fd ./rzt_gen/main.o
 .debug_str     0x00013488     0x8ecf ./rzt_gen/pin_data.o
 .debug_str     0x00013488      0x24f ./rzt_gen/vector_data.o
 .debug_str     0x00013488     0x502d ./rzt/fsp/src/r_sci_uart/r_sci_uart.o
 .debug_str     0x00013488     0x3a51 ./rzt/fsp/src/r_ioport/r_ioport.o
 .debug_str     0x00013488      0x247 ./rzt/fsp/src/bsp/mcu/rzt2m/bsp_irq_sense.o
 .debug_str     0x00013488      0x22d ./rzt/fsp/src/bsp/mcu/rzt2m/bsp_loader_param.o
 .debug_str     0x00013488      0x23c ./rzt/fsp/src/bsp/mcu/all/cr/bsp_delay_core.o
 .debug_str     0x00013488     0x2cd7 ./rzt/fsp/src/bsp/mcu/all/cr/bsp_irq_core.o
 .debug_str     0x00013488      0x5c5 ./rzt/fsp/src/bsp/mcu/all/bsp_cache.o
 .debug_str     0x00013488      0x943 ./rzt/fsp/src/bsp/mcu/all/bsp_clocks.o
 .debug_str     0x00013488      0x33f ./rzt/fsp/src/bsp/mcu/all/bsp_delay.o
 .debug_str     0x00013488      0x225 ./rzt/fsp/src/bsp/mcu/all/bsp_io.o
 .debug_str     0x00013488      0x218 ./rzt/fsp/src/bsp/mcu/all/bsp_irq.o
 .debug_str     0x00013488      0x37d ./rzt/fsp/src/bsp/mcu/all/bsp_register_protection.o
 .debug_str     0x00013488      0xb95 ./rzt/fsp/src/bsp/mcu/all/bsp_reset.o
 .debug_str     0x00013488      0x287 ./rzt/fsp/src/bsp/mcu/all/bsp_sbrk.o
 .debug_str     0x00013488      0x32f ./rzt/fsp/src/bsp/mcu/all/bsp_semaphore.o
 .debug_str     0x00013488      0x377 ./rzt/fsp/src/bsp/cmsis/Device/RENESAS/Source/cr/startup_core.o
 .debug_str     0x00013488      0x48a ./rzt/fsp/src/bsp/cmsis/Device/RENESAS/Source/cr/system_core.o
 .debug_str     0x00013488      0x3d4 ./rzt/fsp/src/bsp/cmsis/Device/RENESAS/Source/startup.o
 .debug_str     0x00013488      0xe11 ./rzt/fsp/src/bsp/cmsis/Device/RENESAS/Source/system.o
 .debug_str     0x00013488     0x1318 ./rzt/board/rzt2m_rsk/board_leds.o

.comment        0x00000000       0x44
 .comment       0x00000000       0x44 ./src/hal_entry.o
                                 0x45 (size before relaxing)
 .comment       0x00000044       0x45 ./src/rzn2_rzt2_backtrace.o
 .comment       0x00000044       0x45 ./src/syscall.o
 .comment       0x00000044       0x45 ./rzt_gen/common_data.o
 .comment       0x00000044       0x45 ./rzt_gen/hal_data.o
 .comment       0x00000044       0x45 ./rzt_gen/main.o